make coldstart
make[1]: Entering directory '/home/ubuntu/jsip-debugger'
  GEN runtime/primitives
  MKEXE runtime/sak
mkdir -p .dep/runtime
  GEN runtime/prims.c
  GEN runtime/build_config.h
  CC runtime/prims.o
  CC runtime/addrmap.b.o
  CC runtime/afl.b.o
  CC runtime/alloc.b.o
  CC runtime/array.b.o
  CC runtime/backtrace.b.o
  CC runtime/bigarray.b.o
  CC runtime/blake2.b.o
  CC runtime/callback.b.o
  CC runtime/codefrag.b.o
  CC runtime/compare.b.o
  CC runtime/custom.b.o
  CC runtime/debugger.b.o
  CC runtime/domain.b.o
  CC runtime/dynlink.b.o
  CC runtime/extern.b.o
  CC runtime/fail.b.o
  CC runtime/fiber.b.o
  CC runtime/finalise.b.o
  CC runtime/floats.b.o
  CC runtime/gc_ctrl.b.o
  CC runtime/gc_stats.b.o
  CC runtime/globroots.b.o
  CC runtime/hash.b.o
  CC runtime/intern.b.o
  CC runtime/ints.b.o
  CC runtime/io.b.o
  CC runtime/lexing.b.o
  CC runtime/lf_skiplist.b.o
  CC runtime/main.b.o
  CC runtime/major_gc.b.o
  CC runtime/md5.b.o
  CC runtime/memory.b.o
  CC runtime/memprof.b.o
  CC runtime/meta.b.o
  CC runtime/minor_gc.b.o
  CC runtime/misc.b.o
  CC runtime/obj.b.o
  CC runtime/parsing.b.o
  CC runtime/platform.b.o
  CC runtime/printexc.b.o
  CC runtime/prng.b.o
  CC runtime/roots.b.o
  CC runtime/runtime_events.b.o
  CC runtime/shared_heap.b.o
  CC runtime/signals.b.o
  CC runtime/skiplist.b.o
  CC runtime/startup_aux.b.o
  CC runtime/str.b.o
  CC runtime/sync.b.o
  CC runtime/sys.b.o
  CC runtime/unix.b.o
  CC runtime/weak.b.o
  CC runtime/backtrace_byt.b.o
  CC runtime/fail_byt.b.o
  CC runtime/fix_code.b.o
  CC runtime/interp.b.o
  CC runtime/startup_byt.b.o
  CC runtime/zstd.b.o
  MKLIB runtime/libcamlrun.a
  MKEXE runtime/ocamlrun
cp runtime/ocamlrun boot/ocamlrun
make -C stdlib OCAMLRUN='$(ROOTDIR)/boot/ocamlrun' USE_BOOT_OCAMLC=true all
make[2]: Entering directory '/home/ubuntu/jsip-debugger/stdlib'
  OCAMLC camlinternalFormatBasics.cmi
  CC header.o
  MKEXE tmpheader.exe
strip tmpheader.exe
  OCAMLC camlinternalFormatBasics.cmo
  OCAMLC stdlib.cmi
  OCAMLC stdlib.cmo
  OCAMLC stdlib__Either.cmi
  OCAMLC stdlib__Sys.cmi
  OCAMLC stdlib__Int32.cmi
  OCAMLC stdlib__Type.cmi
  OCAMLC stdlib__Atomic.cmi
  OCAMLC camlinternalLazy.cmi
  OCAMLC stdlib__Pair.cmi
  OCAMLC stdlib__Bool.cmi
  OCAMLC stdlib__Char.cmi
  OCAMLC stdlib__Uchar.cmi
  OCAMLC stdlib__Int.cmi
  OCAMLC stdlib__Unit.cmi
  OCAMLC stdlib__Marshal.cmi
  OCAMLC stdlib__Int64.cmi
  OCAMLC stdlib__Nativeint.cmi
  OCAMLC stdlib__Lexing.cmi
  OCAMLC stdlib__Repr.cmi
  OCAMLC stdlib__Mutex.cmi
  OCAMLC stdlib__Semaphore.cmi
  OCAMLC stdlib__Arg.cmi
  OCAMLC stdlib__Domain.cmi
  OCAMLC stdlib__Fun.cmi
  OCAMLC stdlib__Complex.cmi
  OCAMLC stdlib__Digest.cmi
  OCAMLC stdlib__Scanf.cmi
  OCAMLC stdlib__Callback.cmi
  OCAMLC stdlib__Pqueue.cmi
  OCAMLC stdlib__Filename.cmi
  OCAMLC std_exit.cmi
  OCAMLC stdlib__Either.cmo
  OCAMLC stdlib__Lazy.cmi
  OCAMLC stdlib__Seq.cmi
  OCAMLC stdlib__Pair.cmo
  OCAMLC stdlib__Bool.cmo
  OCAMLC stdlib__Char.cmo
  OCAMLC stdlib__Unit.cmo
  OCAMLC stdlib__Obj.cmi
  OCAMLC stdlib__Atomic.cmo
  OCAMLC stdlib__Uchar.cmo
  OCAMLC stdlib__Repr.cmo
  OCAMLC stdlib__Mutex.cmo
  OCAMLC stdlib__Condition.cmi
  OCAMLC stdlib__Bigarray.cmi
  OCAMLC stdlib__Random.cmi
  OCAMLC stdlib__Sys.cmo
  OCAMLC stdlib__Int.cmo
  OCAMLC stdlib__Int32.cmo
  OCAMLC stdlib__Int64.cmo
  OCAMLC stdlib__Nativeint.cmo
  OCAMLC std_exit.cmo
  OCAMLC stdlib__Condition.cmo
  OCAMLC stdlib__Semaphore.cmo
  OCAMLC stdlib__Obj.cmo
  OCAMLC stdlib__Type.cmo
  OCAMLC camlinternalLazy.cmo
  OCAMLC stdlib__Lazy.cmo
  OCAMLC stdlib__Parsing.cmi
  OCAMLC stdlib__Printexc.cmi
  OCAMLC stdlib__Callback.cmo
  OCAMLC camlinternalOO.cmi
  OCAMLC camlinternalMod.cmi
  OCAMLC stdlib__Seq.cmo
  OCAMLC stdlib__Option.cmi
  OCAMLC stdlib__Result.cmi
  OCAMLC stdlib__List.cmi
  OCAMLC stdlib__Array.cmi
  OCAMLC stdlib__Iarray.cmi
  OCAMLC stdlib__Bytes.cmi
  OCAMLC stdlib__String.cmi
  OCAMLC stdlib__Float.cmi
  OCAMLC stdlib__Set.cmi
  OCAMLC stdlib__Map.cmi
  OCAMLC stdlib__Stack.cmi
  OCAMLC stdlib__Queue.cmi
  OCAMLC stdlib__Buffer.cmi
  OCAMLC stdlib__Hashtbl.cmi
  OCAMLC stdlib__Dynarray.cmi
  OCAMLC stdlib__ArrayLabels.cmi
  OCAMLC stdlib__ListLabels.cmi
  OCAMLC stdlib__BytesLabels.cmi
  OCAMLC stdlib__StringLabels.cmi
  OCAMLC stdlib__Effect.cmi
  OCAMLC stdlib__Gc.cmi
  OCAMLC stdlib__Oo.cmi
  OCAMLC stdlib__Option.cmo
  OCAMLC stdlib__Result.cmo
  OCAMLC stdlib__Queue.cmo
  OCAMLC camlinternalFormat.cmi
  OCAMLC stdlib__Printf.cmi
  OCAMLC stdlib__Array.cmo
  OCAMLC stdlib__Iarray.cmo
  OCAMLC stdlib__Parsing.cmo
  OCAMLC stdlib__In_channel.cmi
  OCAMLC stdlib__Out_channel.cmi
  OCAMLC stdlib__Bigarray.cmo
  OCAMLC stdlib__Oo.cmo
  OCAMLC camlinternalMod.cmo
  OCAMLC stdlib__List.cmo
  OCAMLC stdlib__Bytes.cmo
  OCAMLC stdlib__String.cmo
  OCAMLC stdlib__Marshal.cmo
  OCAMLC stdlib__Lexing.cmo
  OCAMLC stdlib__Set.cmo
  OCAMLC stdlib__Stack.cmo
  OCAMLC stdlib__Buffer.cmo
  OCAMLC stdlib__Domain.cmo
  OCAMLC stdlib__Random.cmo
  OCAMLC stdlib__Format.cmi
  OCAMLC stdlib__Pqueue.cmo
  OCAMLC stdlib__ArrayLabels.cmo
  OCAMLC stdlib__Map.cmo
  OCAMLC camlinternalOO.cmo
  OCAMLC stdlib__BytesLabels.cmo
  OCAMLC stdlib__StringLabels.cmo
  OCAMLC stdlib__StdLabels.cmi
  OCAMLC stdlib__Float.cmo
  OCAMLC stdlib__Complex.cmo
  OCAMLC stdlib__ListLabels.cmo
  OCAMLC stdlib__In_channel.cmo
  OCAMLC stdlib__Digest.cmo
  OCAMLC stdlib__Out_channel.cmo
  OCAMLC stdlib__Hashtbl.cmo
  OCAMLC stdlib__Weak.cmi
  OCAMLC stdlib__Ephemeron.cmi
  OCAMLC stdlib__Filename.cmo
  OCAMLC stdlib__MoreLabels.cmi
  OCAMLC stdlib__Effect.cmo
  OCAMLC camlinternalFormat.cmo
  OCAMLC stdlib__Printf.cmo
  OCAMLC stdlib__Arg.cmo
  OCAMLC stdlib__Printexc.cmo
  OCAMLC stdlib__Fun.cmo
  OCAMLC stdlib__Gc.cmo
  OCAMLC stdlib__Scanf.cmo
  OCAMLC stdlib__Dynarray.cmo
  OCAMLC stdlib__StdLabels.cmo
  OCAMLC stdlib__Weak.cmo
  OCAMLC stdlib__Format.cmo
  OCAMLC stdlib__Ephemeron.cmo
  OCAMLC stdlib__MoreLabels.cmo
  LINKC stdlib.cma
rm tmpheader.exe
make[2]: Leaving directory '/home/ubuntu/jsip-debugger/stdlib'
rm -f boot/libcamlrun.a boot/stdlib.cma boot/std_exit.cmo boot/*.cmi boot/runtime-launch-info
cp stdlib/stdlib.cma stdlib/std_exit.cmo stdlib/*.cmi stdlib/runtime-launch-info boot
cd  boot && ln -sf  ../runtime/libcamlrun.a .
make[1]: Leaving directory '/home/ubuntu/jsip-debugger'
make opt.opt
make[1]: Entering directory '/home/ubuntu/jsip-debugger'
make checkstack
make[2]: Entering directory '/home/ubuntu/jsip-debugger'
  CC tools/checkstack.o
  MKEXE tools/checkstack
tools/checkstack
rm tools/checkstack tools/checkstack.o
make[2]: Leaving directory '/home/ubuntu/jsip-debugger'
make coreall
make[2]: Entering directory '/home/ubuntu/jsip-debugger'
  CC runtime/addrmap.bd.o
  CC runtime/afl.bd.o
  CC runtime/alloc.bd.o
  CC runtime/array.bd.o
  CC runtime/backtrace.bd.o
  CC runtime/bigarray.bd.o
  CC runtime/blake2.bd.o
  CC runtime/callback.bd.o
  CC runtime/codefrag.bd.o
  CC runtime/compare.bd.o
  CC runtime/custom.bd.o
  CC runtime/debugger.bd.o
  CC runtime/domain.bd.o
  CC runtime/dynlink.bd.o
  CC runtime/extern.bd.o
  CC runtime/fail.bd.o
  CC runtime/fiber.bd.o
  CC runtime/finalise.bd.o
  CC runtime/floats.bd.o
  CC runtime/gc_ctrl.bd.o
  CC runtime/gc_stats.bd.o
  CC runtime/globroots.bd.o
  CC runtime/hash.bd.o
  CC runtime/intern.bd.o
  CC runtime/ints.bd.o
  CC runtime/io.bd.o
  CC runtime/lexing.bd.o
  CC runtime/lf_skiplist.bd.o
  CC runtime/main.bd.o
  CC runtime/major_gc.bd.o
  CC runtime/md5.bd.o
  CC runtime/memory.bd.o
  CC runtime/memprof.bd.o
  CC runtime/meta.bd.o
  CC runtime/minor_gc.bd.o
  CC runtime/misc.bd.o
  CC runtime/obj.bd.o
  CC runtime/parsing.bd.o
  CC runtime/platform.bd.o
  CC runtime/printexc.bd.o
  CC runtime/prng.bd.o
  CC runtime/roots.bd.o
  CC runtime/runtime_events.bd.o
  CC runtime/shared_heap.bd.o
  CC runtime/signals.bd.o
  CC runtime/skiplist.bd.o
  CC runtime/startup_aux.bd.o
  CC runtime/str.bd.o
  CC runtime/sync.bd.o
  CC runtime/sys.bd.o
  CC runtime/unix.bd.o
  CC runtime/weak.bd.o
  CC runtime/backtrace_byt.bd.o
  CC runtime/fail_byt.bd.o
  CC runtime/fix_code.bd.o
  CC runtime/interp.bd.o
  CC runtime/startup_byt.bd.o
  CC runtime/zstd.bd.o
  CC runtime/instrtrace.bd.o
  CC runtime/addrmap.bi.o
  CC runtime/afl.bi.o
  CC runtime/alloc.bi.o
  CC runtime/array.bi.o
  CC runtime/backtrace.bi.o
  CC runtime/bigarray.bi.o
  CC runtime/blake2.bi.o
  CC runtime/callback.bi.o
  CC runtime/codefrag.bi.o
  CC runtime/compare.bi.o
  CC runtime/custom.bi.o
  CC runtime/debugger.bi.o
  CC runtime/domain.bi.o
  CC runtime/dynlink.bi.o
  CC runtime/extern.bi.o
  CC runtime/fail.bi.o
  CC runtime/fiber.bi.o
  CC runtime/finalise.bi.o
  CC runtime/floats.bi.o
  CC runtime/gc_ctrl.bi.o
  CC runtime/gc_stats.bi.o
  CC runtime/globroots.bi.o
  CC runtime/hash.bi.o
  CC runtime/intern.bi.o
  CC runtime/ints.bi.o
  CC runtime/io.bi.o
  CC runtime/lexing.bi.o
  CC runtime/lf_skiplist.bi.o
  CC runtime/main.bi.o
  CC runtime/major_gc.bi.o
  CC runtime/md5.bi.o
  CC runtime/memory.bi.o
  CC runtime/memprof.bi.o
  CC runtime/meta.bi.o
  CC runtime/minor_gc.bi.o
  CC runtime/misc.bi.o
  CC runtime/obj.bi.o
  CC runtime/parsing.bi.o
  CC runtime/platform.bi.o
  CC runtime/printexc.bi.o
  CC runtime/prng.bi.o
  CC runtime/roots.bi.o
  CC runtime/runtime_events.bi.o
  CC runtime/shared_heap.bi.o
  CC runtime/signals.bi.o
  CC runtime/skiplist.bi.o
  CC runtime/startup_aux.bi.o
  CC runtime/str.bi.o
  CC runtime/sync.bi.o
  CC runtime/sys.bi.o
  CC runtime/unix.bi.o
  CC runtime/weak.bi.o
  CC runtime/backtrace_byt.bi.o
  CC runtime/fail_byt.bi.o
  CC runtime/fix_code.bi.o
  CC runtime/interp.bi.o
  CC runtime/startup_byt.bi.o
  CC runtime/zstd.bi.o
  CC runtime/addrmap.bpic.o
  CC runtime/afl.bpic.o
  CC runtime/alloc.bpic.o
  CC runtime/array.bpic.o
  CC runtime/backtrace.bpic.o
  CC runtime/bigarray.bpic.o
  CC runtime/blake2.bpic.o
  CC runtime/callback.bpic.o
  CC runtime/codefrag.bpic.o
  CC runtime/compare.bpic.o
  CC runtime/custom.bpic.o
  CC runtime/debugger.bpic.o
  CC runtime/domain.bpic.o
  CC runtime/dynlink.bpic.o
  CC runtime/extern.bpic.o
  CC runtime/fail.bpic.o
  CC runtime/fiber.bpic.o
  CC runtime/finalise.bpic.o
  CC runtime/floats.bpic.o
  CC runtime/gc_ctrl.bpic.o
  CC runtime/gc_stats.bpic.o
  CC runtime/globroots.bpic.o
  CC runtime/hash.bpic.o
  CC runtime/intern.bpic.o
  CC runtime/ints.bpic.o
  CC runtime/io.bpic.o
  CC runtime/lexing.bpic.o
  CC runtime/lf_skiplist.bpic.o
  CC runtime/main.bpic.o
  CC runtime/major_gc.bpic.o
  CC runtime/md5.bpic.o
  CC runtime/memory.bpic.o
  CC runtime/memprof.bpic.o
  CC runtime/meta.bpic.o
  CC runtime/minor_gc.bpic.o
  CC runtime/misc.bpic.o
  CC runtime/obj.bpic.o
  CC runtime/parsing.bpic.o
  CC runtime/platform.bpic.o
  CC runtime/printexc.bpic.o
  CC runtime/prng.bpic.o
  CC runtime/roots.bpic.o
  CC runtime/runtime_events.bpic.o
  CC runtime/shared_heap.bpic.o
  CC runtime/signals.bpic.o
  CC runtime/skiplist.bpic.o
  CC runtime/startup_aux.bpic.o
  CC runtime/str.bpic.o
  CC runtime/sync.bpic.o
  CC runtime/sys.bpic.o
  CC runtime/unix.bpic.o
  CC runtime/weak.bpic.o
  CC runtime/backtrace_byt.bpic.o
  CC runtime/fail_byt.bpic.o
  CC runtime/fix_code.bpic.o
  CC runtime/interp.bpic.o
  CC runtime/startup_byt.bpic.o
  CC runtime/zstd.bpic.o
mkdir -p runtime/api-testing
  GEN runtime/api-testing/runtime_events_consumer.c
  GEN runtime/api-testing/threads.c
  GEN runtime/api-testing/socketaddr.c
  GEN runtime/api-testing/unixsupport.c
  GEN runtime/api-testing/address_class.c
  GEN runtime/api-testing/addrmap.c
  GEN runtime/api-testing/alloc.c
  GEN runtime/api-testing/asm.c
  GEN runtime/api-testing/backtrace.c
  GEN runtime/api-testing/backtrace_prim.c
  GEN runtime/api-testing/bigarray.c
  GEN runtime/api-testing/blake2.c
  GEN runtime/api-testing/callback.c
  GEN runtime/api-testing/camlatomic.c
  GEN runtime/api-testing/codefrag.c
  GEN runtime/api-testing/compare.c
  GEN runtime/api-testing/compatibility.c
  GEN runtime/api-testing/config.c
  GEN runtime/api-testing/custom.c
  GEN runtime/api-testing/debugger.c
  GEN runtime/api-testing/domain.c
  GEN runtime/api-testing/domain_state.c
  GEN runtime/api-testing/dynlink.c
  GEN runtime/api-testing/exec.c
  GEN runtime/api-testing/fail.c
  GEN runtime/api-testing/fiber.c
  GEN runtime/api-testing/finalise.c
  GEN runtime/api-testing/fix_code.c
  GEN runtime/api-testing/frame_descriptors.c
  GEN runtime/api-testing/gc.c
  GEN runtime/api-testing/gc_ctrl.c
  GEN runtime/api-testing/gc_stats.c
  GEN runtime/api-testing/globroots.c
  GEN runtime/api-testing/hash.c
  GEN runtime/api-testing/hooks.c
  GEN runtime/api-testing/instrtrace.c
  GEN runtime/api-testing/instruct.c
  GEN runtime/api-testing/interp.c
  GEN runtime/api-testing/intext.c
  GEN runtime/api-testing/io.c
  GEN runtime/api-testing/lf_skiplist.c
  GEN runtime/api-testing/m.c
  GEN runtime/api-testing/major_gc.c
  GEN runtime/api-testing/md5.c
  GEN runtime/api-testing/memory.c
  GEN runtime/api-testing/memprof.c
  GEN runtime/api-testing/minor_gc.c
  GEN runtime/api-testing/misc.c
  GEN runtime/api-testing/mlvalues.c
  GEN runtime/api-testing/opcodes.c
  GEN runtime/api-testing/osdeps.c
  GEN runtime/api-testing/platform.c
  GEN runtime/api-testing/prims.c
  GEN runtime/api-testing/printexc.c
  GEN runtime/api-testing/reverse.c
  GEN runtime/api-testing/roots.c
  GEN runtime/api-testing/runtime_events.c
  GEN runtime/api-testing/s.c
  GEN runtime/api-testing/shared_heap.c
  GEN runtime/api-testing/signals.c
  GEN runtime/api-testing/sizeclasses.c
  GEN runtime/api-testing/skiplist.c
  GEN runtime/api-testing/stack.c
  GEN runtime/api-testing/startup.c
  GEN runtime/api-testing/startup_aux.c
  GEN runtime/api-testing/sync.c
  GEN runtime/api-testing/sys.c
  GEN runtime/api-testing/tsan.c
  GEN runtime/api-testing/version.c
  GEN runtime/api-testing/weak.c
  GEN runtime/api-testing/winsupport.c
  GEN runtime/api-testing/runtime_events_consumer.cpp
  GEN runtime/api-testing/threads.cpp
  GEN runtime/api-testing/socketaddr.cpp
  GEN runtime/api-testing/unixsupport.cpp
  GEN runtime/api-testing/address_class.cpp
  GEN runtime/api-testing/addrmap.cpp
  GEN runtime/api-testing/alloc.cpp
  GEN runtime/api-testing/asm.cpp
  GEN runtime/api-testing/backtrace.cpp
  GEN runtime/api-testing/backtrace_prim.cpp
  GEN runtime/api-testing/bigarray.cpp
  GEN runtime/api-testing/blake2.cpp
  GEN runtime/api-testing/callback.cpp
  GEN runtime/api-testing/camlatomic.cpp
  GEN runtime/api-testing/codefrag.cpp
  GEN runtime/api-testing/compare.cpp
  GEN runtime/api-testing/compatibility.cpp
  GEN runtime/api-testing/config.cpp
  GEN runtime/api-testing/custom.cpp
  GEN runtime/api-testing/debugger.cpp
  GEN runtime/api-testing/domain.cpp
  GEN runtime/api-testing/domain_state.cpp
  GEN runtime/api-testing/dynlink.cpp
  GEN runtime/api-testing/exec.cpp
  GEN runtime/api-testing/fail.cpp
  GEN runtime/api-testing/fiber.cpp
  GEN runtime/api-testing/finalise.cpp
  GEN runtime/api-testing/fix_code.cpp
  GEN runtime/api-testing/frame_descriptors.cpp
  GEN runtime/api-testing/gc.cpp
  GEN runtime/api-testing/gc_ctrl.cpp
  GEN runtime/api-testing/gc_stats.cpp
  GEN runtime/api-testing/globroots.cpp
  GEN runtime/api-testing/hash.cpp
  GEN runtime/api-testing/hooks.cpp
  GEN runtime/api-testing/instrtrace.cpp
  GEN runtime/api-testing/instruct.cpp
  GEN runtime/api-testing/interp.cpp
  GEN runtime/api-testing/intext.cpp
  GEN runtime/api-testing/io.cpp
  GEN runtime/api-testing/lf_skiplist.cpp
  GEN runtime/api-testing/m.cpp
  GEN runtime/api-testing/major_gc.cpp
  GEN runtime/api-testing/md5.cpp
  GEN runtime/api-testing/memory.cpp
  GEN runtime/api-testing/memprof.cpp
  GEN runtime/api-testing/minor_gc.cpp
  GEN runtime/api-testing/misc.cpp
  GEN runtime/api-testing/mlvalues.cpp
  GEN runtime/api-testing/opcodes.cpp
  GEN runtime/api-testing/osdeps.cpp
  GEN runtime/api-testing/platform.cpp
  GEN runtime/api-testing/prims.cpp
  GEN runtime/api-testing/printexc.cpp
  GEN runtime/api-testing/reverse.cpp
  GEN runtime/api-testing/roots.cpp
  GEN runtime/api-testing/runtime_events.cpp
  GEN runtime/api-testing/s.cpp
  GEN runtime/api-testing/shared_heap.cpp
  GEN runtime/api-testing/signals.cpp
  GEN runtime/api-testing/sizeclasses.cpp
  GEN runtime/api-testing/skiplist.cpp
  GEN runtime/api-testing/stack.cpp
  GEN runtime/api-testing/startup.cpp
  GEN runtime/api-testing/startup_aux.cpp
  GEN runtime/api-testing/sync.cpp
  GEN runtime/api-testing/sys.cpp
  GEN runtime/api-testing/tsan.cpp
  GEN runtime/api-testing/version.cpp
  GEN runtime/api-testing/weak.cpp
  GEN runtime/api-testing/winsupport.cpp
  CC runtime/api-testing/runtime_events_consumer.c.o
  CC runtime/api-testing/threads.c.o
  CC runtime/api-testing/socketaddr.c.o
  CC runtime/api-testing/unixsupport.c.o
  CC runtime/api-testing/address_class.c.o
  CC runtime/api-testing/addrmap.c.o
  CC runtime/api-testing/alloc.c.o
  CC runtime/api-testing/asm.c.o
  CC runtime/api-testing/backtrace.c.o
  CC runtime/api-testing/backtrace_prim.c.o
  CC runtime/api-testing/bigarray.c.o
  CC runtime/api-testing/blake2.c.o
  CC runtime/api-testing/callback.c.o
  CC runtime/api-testing/camlatomic.c.o
  CC runtime/api-testing/codefrag.c.o
  CC runtime/api-testing/compare.c.o
  CC runtime/api-testing/compatibility.c.o
  CC runtime/api-testing/config.c.o
  CC runtime/api-testing/custom.c.o
  CC runtime/api-testing/debugger.c.o
  CC runtime/api-testing/domain.c.o
  CC runtime/api-testing/domain_state.c.o
  CC runtime/api-testing/dynlink.c.o
  CC runtime/api-testing/exec.c.o
  CC runtime/api-testing/fail.c.o
  CC runtime/api-testing/fiber.c.o
  CC runtime/api-testing/finalise.c.o
  CC runtime/api-testing/fix_code.c.o
  CC runtime/api-testing/frame_descriptors.c.o
  CC runtime/api-testing/gc.c.o
  CC runtime/api-testing/gc_ctrl.c.o
  CC runtime/api-testing/gc_stats.c.o
  CC runtime/api-testing/globroots.c.o
  CC runtime/api-testing/hash.c.o
  CC runtime/api-testing/hooks.c.o
  CC runtime/api-testing/instrtrace.c.o
  CC runtime/api-testing/instruct.c.o
  CC runtime/api-testing/interp.c.o
  CC runtime/api-testing/intext.c.o
  CC runtime/api-testing/io.c.o
  CC runtime/api-testing/lf_skiplist.c.o
  CC runtime/api-testing/m.c.o
  CC runtime/api-testing/major_gc.c.o
  CC runtime/api-testing/md5.c.o
  CC runtime/api-testing/memory.c.o
  CC runtime/api-testing/memprof.c.o
  CC runtime/api-testing/minor_gc.c.o
  CC runtime/api-testing/misc.c.o
  CC runtime/api-testing/mlvalues.c.o
  CC runtime/api-testing/opcodes.c.o
  CC runtime/api-testing/osdeps.c.o
  CC runtime/api-testing/platform.c.o
  CC runtime/api-testing/prims.c.o
  CC runtime/api-testing/printexc.c.o
  CC runtime/api-testing/reverse.c.o
  CC runtime/api-testing/roots.c.o
  CC runtime/api-testing/runtime_events.c.o
  CC runtime/api-testing/s.c.o
  CC runtime/api-testing/shared_heap.c.o
  CC runtime/api-testing/signals.c.o
  CC runtime/api-testing/sizeclasses.c.o
  CC runtime/api-testing/skiplist.c.o
  CC runtime/api-testing/stack.c.o
  CC runtime/api-testing/startup.c.o
  CC runtime/api-testing/startup_aux.c.o
  CC runtime/api-testing/sync.c.o
  CC runtime/api-testing/sys.c.o
  CC runtime/api-testing/tsan.c.o
  CC runtime/api-testing/version.c.o
  CC runtime/api-testing/weak.c.o
  CC runtime/api-testing/winsupport.c.o
  CXX runtime/api-testing/runtime_events_consumer.cpp.o
  CXX runtime/api-testing/threads.cpp.o
  CXX runtime/api-testing/socketaddr.cpp.o
  CXX runtime/api-testing/unixsupport.cpp.o
  CXX runtime/api-testing/address_class.cpp.o
  CXX runtime/api-testing/addrmap.cpp.o
  CXX runtime/api-testing/alloc.cpp.o
  CXX runtime/api-testing/asm.cpp.o
  CXX runtime/api-testing/backtrace.cpp.o
  CXX runtime/api-testing/backtrace_prim.cpp.o
  CXX runtime/api-testing/bigarray.cpp.o
  CXX runtime/api-testing/blake2.cpp.o
  CXX runtime/api-testing/callback.cpp.o
  CXX runtime/api-testing/camlatomic.cpp.o
  CXX runtime/api-testing/codefrag.cpp.o
  CXX runtime/api-testing/compare.cpp.o
  CXX runtime/api-testing/compatibility.cpp.o
  CXX runtime/api-testing/config.cpp.o
  CXX runtime/api-testing/custom.cpp.o
  CXX runtime/api-testing/debugger.cpp.o
  CXX runtime/api-testing/domain.cpp.o
  CXX runtime/api-testing/domain_state.cpp.o
  CXX runtime/api-testing/dynlink.cpp.o
  CXX runtime/api-testing/exec.cpp.o
  CXX runtime/api-testing/fail.cpp.o
  CXX runtime/api-testing/fiber.cpp.o
  CXX runtime/api-testing/finalise.cpp.o
  CXX runtime/api-testing/fix_code.cpp.o
  CXX runtime/api-testing/frame_descriptors.cpp.o
  CXX runtime/api-testing/gc.cpp.o
  CXX runtime/api-testing/gc_ctrl.cpp.o
  CXX runtime/api-testing/gc_stats.cpp.o
  CXX runtime/api-testing/globroots.cpp.o
  CXX runtime/api-testing/hash.cpp.o
  CXX runtime/api-testing/hooks.cpp.o
  CXX runtime/api-testing/instrtrace.cpp.o
  CXX runtime/api-testing/instruct.cpp.o
  CXX runtime/api-testing/interp.cpp.o
  CXX runtime/api-testing/intext.cpp.o
  CXX runtime/api-testing/io.cpp.o
  CXX runtime/api-testing/lf_skiplist.cpp.o
  CXX runtime/api-testing/m.cpp.o
  CXX runtime/api-testing/major_gc.cpp.o
  CXX runtime/api-testing/md5.cpp.o
  CXX runtime/api-testing/memory.cpp.o
  CXX runtime/api-testing/memprof.cpp.o
  CXX runtime/api-testing/minor_gc.cpp.o
  CXX runtime/api-testing/misc.cpp.o
  CXX runtime/api-testing/mlvalues.cpp.o
  CXX runtime/api-testing/opcodes.cpp.o
  CXX runtime/api-testing/osdeps.cpp.o
  CXX runtime/api-testing/platform.cpp.o
  CXX runtime/api-testing/prims.cpp.o
  CXX runtime/api-testing/printexc.cpp.o
  CXX runtime/api-testing/reverse.cpp.o
  CXX runtime/api-testing/roots.cpp.o
  CXX runtime/api-testing/runtime_events.cpp.o
  CXX runtime/api-testing/s.cpp.o
  CXX runtime/api-testing/shared_heap.cpp.o
  CXX runtime/api-testing/signals.cpp.o
  CXX runtime/api-testing/sizeclasses.cpp.o
  CXX runtime/api-testing/skiplist.cpp.o
  CXX runtime/api-testing/stack.cpp.o
  CXX runtime/api-testing/startup.cpp.o
  CXX runtime/api-testing/startup_aux.cpp.o
  CXX runtime/api-testing/sync.cpp.o
  CXX runtime/api-testing/sys.cpp.o
  CXX runtime/api-testing/tsan.cpp.o
  CXX runtime/api-testing/version.cpp.o
  CXX runtime/api-testing/weak.cpp.o
  CXX runtime/api-testing/winsupport.cpp.o
  MKLIB runtime/libcamlrund.a
  MKLIB runtime/libcamlruni.a
  MKEXE runtime/ocamlrund
  MKLIB runtime/libcamlrun_pic.a
  MKDLL runtime/libcamlrun_shared.so
  MKEXE runtime/ocamlruni
cd  stdlib && ln -sf  ../runtime/libcamlrun.a .
make ocamlc
make[3]: Entering directory '/home/ubuntu/jsip-debugger'
  OCAMLC utils/config.cmi
  OCAMLC utils/build_path_prefix_map.cmi
  OCAMLC utils/format_doc.cmi
  OCAMLC utils/identifiable.cmi
  OCAMLC utils/arg_helper.cmi
  OCAMLC utils/local_store.cmi
  OCAMLC utils/load_path.cmi
  OCAMLC utils/terminfo.cmi
  OCAMLC utils/ccomp.cmi
  OCAMLC utils/targetint.cmi
  OCAMLC utils/int_replace_polymorphic_compare.cmi
  GEN utils/domainstate.mli
  OCAMLC utils/binutils.cmi
  OCAMLC utils/lazy_backtrack.cmi
  OCAMLC utils/stable_matching.cmi
  OCAMLC utils/compression.cmi
  OCAMLC parsing/unit_info.cmi
  GEN parsing/camlinternalMenhirLib.mli
  OCAMLC typing/value_rec_types.cmi
  OCAMLC lambda/switch.cmi
  OCAMLC lambda/runtimedef.cmi
  OCAMLC file_formats/cmo_format.cmi
  OCAMLC middle_end/flambda/allocated_const.cmi
  OCAMLC file_formats/cmxs_format.cmi
  GEN bytecomp/opcodes.ml
  OCAMLC bytecomp/bytesections.cmi
  OCAMLC bytecomp/dll.cmi
  OCAMLC driver/main_args.cmi
  OCAMLC driver/makedepend.cmi
  GEN utils/config_main.ml
  OCAMLC utils/build_path_prefix_map.cmo
  OCAMLC utils/local_store.cmo
  OCAMLC utils/terminfo.cmo
  OCAMLC utils/int_replace_polymorphic_compare.cmo
  GEN utils/domainstate.ml
  OCAMLC utils/binutils.cmo
  OCAMLC utils/lazy_backtrack.cmo
  OCAMLC utils/stable_matching.cmo
  OCAMLC utils/compression.cmo
  GEN parsing/camlinternalMenhirLib.ml
  OCAMLLEX parsing/lexer.ml
  GEN lambda/runtimedef.ml
  OCAMLC bytecomp/bytesections.cmo
cp utils/config.mli utils/config_main.mli
  GEN utils/config_boot.ml
cp utils/config.mli utils/config_boot.mli
  OCAMLC bytecomp/opnames.cmi
  OCAMLC driver/errors.cmi
  OCAMLC driver/maindriver.cmi
  OCAMLLEX bytecomp/byterntm.ml
  GEN bytecomp/opnames.ml
  OCAMLC driver/main.cmi
  OCAMLC utils/misc.cmi
  OCAMLC utils/warnings.cmi
  OCAMLC utils/linkdeps.cmi
  OCAMLC utils/domainstate.cmi
  OCAMLC parsing/camlinternalMenhirLib.cmi
  GEN bytecomp/opcodes.mli
  GEN utils/config.ml
  OCAMLC utils/format_doc.cmo
  OCAMLC utils/arg_helper.cmo
  OCAMLC lambda/switch.cmo
  OCAMLC lambda/runtimedef.cmo
  OCAMLC utils/config_main.cmi
  OCAMLC utils/config_boot.cmi
  OCAMLC utils/config.cmo
  OCAMLC bytecomp/opnames.cmo
  OCAMLC driver/main.cmo
  OCAMLC utils/domainstate.cmo
  OCAMLC bytecomp/bytelibrarian.cmi
  OCAMLC utils/config_boot.cmo
  OCAMLC utils/config_main.cmo
  OCAMLC parsing/location.cmi
  OCAMLC bytecomp/opcodes.cmi
  OCAMLC parsing/asttypes.cmi
  OCAMLC parsing/longident.cmi
  OCAMLC parsing/syntaxerr.cmi
  OCAMLC typing/annot.cmi
  OCAMLC driver/errors.cmo
  OCAMLC bytecomp/opcodes.cmo
  OCAMLC utils/numbers.cmi
  OCAMLC utils/strongly_connected_components.cmi
  OCAMLC typing/ident.cmi
  OCAMLC middle_end/linkage_name.cmi
  OCAMLC middle_end/flambda/base_types/tag.cmi
  OCAMLC middle_end/flambda/base_types/static_exception.cmi
  OCAMLC parsing/syntaxerr.cmo
  OCAMLC parsing/parsetree.cmi
  OCAMLC parsing/asttypes.cmo
  OCAMLC utils/clflags.cmi
  OCAMLC utils/consistbl.cmi
  OCAMLC utils/diffing.cmi
  OCAMLC utils/misc.cmo
  OCAMLC utils/identifiable.cmo
  OCAMLC utils/load_path.cmo
  OCAMLC utils/warnings.cmo
  OCAMLC utils/linkdeps.cmo
  OCAMLC utils/targetint.cmo
  OCAMLC parsing/unit_info.cmo
  OCAMLC parsing/longident.cmo
  OCAMLC bytecomp/dll.cmo
  OCAMLC bytecomp/byterntm.cmi
  OCAMLC parsing/camlinternalMenhirLib.cmo
  OCAMLC bytecomp/byterntm.cmo
  OCAMLC utils/diffing_with_keys.cmi
  OCAMLC utils/diffing.cmo
  OCAMLC typing/path.cmi
  OCAMLC lambda/debuginfo.cmi
  OCAMLC middle_end/compilation_unit.cmi
  OCAMLC utils/diffing_with_keys.cmo
  OCAMLC utils/consistbl.cmo
  OCAMLC utils/profile.cmi
  OCAMLC driver/compenv.cmi
  OCAMLC parsing/location.cmo
  OCAMLC typing/ident.cmo
  OCAMLC lambda/debuginfo.cmo
  OCAMLC utils/numbers.cmo
  OCAMLC utils/clflags.cmo
  OCAMLC utils/strongly_connected_components.cmo
  OCAMLC utils/profile.cmo
  OCAMLC utils/ccomp.cmo
  OCAMLC parsing/docstrings.cmi
  OCAMLC parsing/ast_iterator.cmi
  OCAMLC parsing/builtin_attributes.cmi
  OCAMLC parsing/pprintast.cmi
  OCAMLC parsing/parse.cmi
  OCAMLC parsing/printast.cmi
  OCAMLC parsing/ast_mapper.cmi
  OCAMLC parsing/attr_helper.cmi
  OCAMLC parsing/depend.cmi
  OCAMLC typing/type_immediacy.cmi
  OCAMLC driver/pparse.cmi
  OCAMLC typing/shape.cmi
  OCAMLC middle_end/backend_var.cmi
  OCAMLC driver/compenv.cmo
  OCAMLC driver/main_args.cmo
  OCAMLC typing/outcometree.cmi
  OCAMLC middle_end/flambda/base_types/set_of_closures_id.cmi
  OCAMLC middle_end/flambda/base_types/export_id.cmi
  OCAMLC parsing/attr_helper.cmo
  OCAMLC typing/type_immediacy.cmo
  OCAMLC parsing/ast_helper.cmi
  OCAMLC parsing/docstrings.cmo
  OCAMLC parsing/depend.cmo
  OCAMLC parsing/printast.cmo
  OCAMLC parsing/ast_invariants.cmi
  OCAMLC parsing/ast_iterator.cmo
  OCAMLC typing/primitive.cmi
  OCAMLC typing/oprint.cmi
  OCAMLC parsing/ast_invariants.cmo
  OCAMLC driver/pparse.cmo
  OCAMLC middle_end/flambda/base_types/set_of_closures_origin.cmi
  OCAMLC typing/primitive.cmo
  OCAMLC typing/types.cmi
  OCAMLC typing/shape.cmo
  GEN parsing/parser.mli
  OCAMLC parsing/ast_helper.cmo
  OCAMLC parsing/builtin_attributes.cmo
  GEN parsing/parser.ml
  OCAMLC parsing/ast_mapper.cmo
  OCAMLC parsing/parser.cmi
  OCAMLC parsing/parser.cmo
  OCAMLC parsing/lexer.cmi
  OCAMLC parsing/lexer.cmo
  OCAMLC parsing/pprintast.cmo
  OCAMLC parsing/parse.cmo
  OCAMLC typing/path.cmo
  OCAMLC typing/oprint.cmo
  OCAMLC driver/makedepend.cmo
  OCAMLC typing/data_types.cmi
  OCAMLC typing/rawprinttyp.cmi
  OCAMLC typing/gprinttyp.cmi
  OCAMLC typing/btype.cmi
  OCAMLC typing/subst.cmi
  OCAMLC typing/predef.cmi
  OCAMLC typing/typing_recovery.cmi
  OCAMLC file_formats/cmi_format.cmi
  OCAMLC typing/errortrace.cmi
  OCAMLC typing/signature_group.cmi
  OCAMLC typing/types.cmo
  OCAMLC typing/rawprinttyp.cmo
  OCAMLC typing/typing_recovery.cmo
  OCAMLC typing/persistent_env.cmi
  OCAMLC file_formats/cmi_format.cmo
  OCAMLC typing/datarepr.cmi
  OCAMLC typing/data_types.cmo
  OCAMLC typing/gprinttyp.cmo
  OCAMLC typing/env.cmi
  OCAMLC typing/errortrace.cmo
  OCAMLC typing/btype.cmo
  OCAMLC typing/subst.cmo
  OCAMLC typing/predef.cmo
  OCAMLC typing/datarepr.cmo
  OCAMLC typing/signature_group.cmo
  OCAMLC typing/persistent_env.cmo
  OCAMLC typing/typedtree.cmi
  OCAMLC typing/ctype.cmi
  OCAMLC typing/out_type.cmi
  OCAMLC typing/mtype.cmi
  OCAMLC typing/envaux.cmi
  OCAMLC typing/shape_reduce.cmi
  OCAMLC typing/typedecl_properties.cmi
  OCAMLC typing/typedecl_unboxed.cmi
  OCAMLC lambda/lambda.cmi
  OCAMLC driver/compmisc.cmi
  OCAMLC typing/env.cmo
  OCAMLC bytecomp/bytepackager.cmi
  OCAMLC typing/shape_reduce.cmo
  OCAMLC typing/typedecl_immediacy.cmi
  OCAMLC typing/typedecl_separability.cmi
  OCAMLC typing/typedecl_properties.cmo
  OCAMLC typing/printtyp.cmi
  OCAMLC typing/errortrace_report.cmi
  OCAMLC lambda/printlambda.cmi
  OCAMLC lambda/value_rec_compiler.cmi
  OCAMLC lambda/translobj.cmi
  OCAMLC lambda/tmc.cmi
  OCAMLC lambda/simplif.cmi
  OCAMLC middle_end/internal_variable_names.cmi
  OCAMLC middle_end/clambda_primitives.cmi
  OCAMLC bytecomp/instruct.cmi
  OCAMLC bytecomp/symtable.cmi
  OCAMLC lambda/lambda.cmo
  OCAMLC typing/includeclass.cmi
  OCAMLC typing/ctype.cmo
  OCAMLC typing/out_type.cmo
  OCAMLC typing/mtype.cmo
  OCAMLC typing/typedecl_unboxed.cmo
  OCAMLC typing/typedecl_immediacy.cmo
  OCAMLC typing/typedecl_separability.cmo
  OCAMLC lambda/value_rec_compiler.cmo
  OCAMLC lambda/tmc.cmo
  OCAMLC lambda/simplif.cmo
  OCAMLC typing/printtyp.cmo
  OCAMLC typing/errortrace_report.cmo
  OCAMLC typing/envaux.cmo
  OCAMLC middle_end/variable.cmi
  OCAMLC lambda/translobj.cmo
  OCAMLC lambda/printlambda.cmo
  OCAMLC middle_end/clambda.cmi
  OCAMLC bytecomp/meta.cmi
  OCAMLC bytecomp/bytegen.cmi
  OCAMLC bytecomp/printinstr.cmi
  OCAMLC bytecomp/emitcode.cmi
  OCAMLC bytecomp/instruct.cmo
  OCAMLC typing/includeclass.cmo
  OCAMLC typing/printtyped.cmi
  OCAMLC typing/includecore.cmi
  OCAMLC typing/tast_iterator.cmi
  OCAMLC typing/tast_mapper.cmi
  OCAMLC typing/stypes.cmi
  OCAMLC file_formats/cmt_format.cmi
  OCAMLC typing/untypeast.cmi
  OCAMLC typing/typetexp.cmi
  OCAMLC typing/printpat.cmi
  OCAMLC typing/patterns.cmi
  OCAMLC typing/parmatch.cmi
  OCAMLC typing/typedecl_variance.cmi
  OCAMLC typing/typeopt.cmi
  OCAMLC typing/value_rec_check.cmi
  OCAMLC typing/typecore.cmi
  OCAMLC typing/typeclass.cmi
  OCAMLC lambda/matching.cmi
  OCAMLC lambda/translattribute.cmi
  OCAMLC lambda/translprim.cmi
  OCAMLC lambda/translcore.cmi
  OCAMLC lambda/translclass.cmi
  OCAMLC lambda/translmod.cmi
  OCAMLC driver/compile_common.cmi
  OCAMLC typing/typedtree.cmo
  OCAMLC bytecomp/meta.cmo
  OCAMLC bytecomp/printinstr.cmo
  OCAMLC bytecomp/symtable.cmo
  OCAMLC bytecomp/bytelink.cmi
  OCAMLC typing/stypes.cmo
  OCAMLC typing/printtyped.cmo
  OCAMLC typing/printpat.cmo
  OCAMLC lambda/translattribute.cmo
  OCAMLC bytecomp/bytegen.cmo
  OCAMLC bytecomp/emitcode.cmo
  OCAMLC typing/typeopt.cmo
  OCAMLC typing/value_rec_check.cmo
  OCAMLC lambda/translclass.cmo
  OCAMLC driver/compile.cmi
  OCAMLC typing/includemod.cmi
  OCAMLC typing/includecore.cmo
  OCAMLC typing/patterns.cmo
  OCAMLC lambda/translprim.cmo
  OCAMLC lambda/translmod.cmo
  OCAMLC bytecomp/bytelink.cmo
  OCAMLC bytecomp/bytelibrarian.cmo
  OCAMLC typing/typedecl.cmi
  OCAMLC typing/typedecl_variance.cmo
  OCAMLC typing/tast_iterator.cmo
  OCAMLC typing/tast_mapper.cmo
  OCAMLC typing/parmatch.cmo
  OCAMLC lambda/matching.cmo
  OCAMLC typing/cmt2annot.cmi
  OCAMLC typing/typing_recovery_state.cmi
  OCAMLC file_formats/cmt_format.cmo
  OCAMLC middle_end/flambda/base_types/closure_element.cmi
  OCAMLC middle_end/symbol.cmi
  OCAMLC middle_end/flambda/parameter.cmi
  OCAMLC middle_end/flambda/base_types/mutable_variable.cmi
  OCAMLC typing/untypeast.cmo
  OCAMLC lambda/translcore.cmo
  OCAMLC driver/compile.cmo
  OCAMLC driver/maindriver.cmo
  OCAMLC typing/cmt2annot.cmo
  OCAMLC typing/typing_recovery_state.cmo
  OCAMLC typing/typetexp.cmo
  OCAMLC typing/typecore.cmo
  OCAMLC typing/typedecl.cmo
  OCAMLC typing/typeclass.cmo
  OCAMLC middle_end/flambda/base_types/var_within_closure.cmi
  OCAMLC middle_end/flambda/base_types/closure_id.cmi
  OCAMLC typing/signature_matching.cmi
  OCAMLC typing/includemod_errorprinter.cmi
  OCAMLC typing/typemod.cmi
  OCAMLC typing/includemod.cmo
  OCAMLC typing/signature_matching.cmo
  OCAMLC typing/includemod_errorprinter.cmo
  OCAMLC middle_end/flambda/projection.cmi
  OCAMLC middle_end/flambda/base_types/closure_origin.cmi
  OCAMLC typing/typemod.cmo
  OCAMLC driver/compmisc.cmo
  OCAMLC driver/compile_common.cmo
  OCAMLC bytecomp/bytepackager.cmo
  OCAMLC middle_end/flambda/flambda.cmi
  OCAMLC middle_end/flambda/freshening.cmi
  LINKC compilerlibs/ocamlbytecomp.cma
  OCAMLC middle_end/flambda/simple_value_approx.cmi
  OCAMLC middle_end/flambda/export_info.cmi
  OCAMLC file_formats/cmx_format.cmi
  LINKC compilerlibs/ocamlcommon.cma
  LINKC ocamlc
make[3]: Leaving directory '/home/ubuntu/jsip-debugger'
make ocamllex ocamltools library
make[3]: Entering directory '/home/ubuntu/jsip-debugger'
  CC yacc/closure.o
  CC yacc/error.o
  CC yacc/lalr.o
  CC yacc/lr0.o
  CC yacc/main.o
  CC yacc/mkpar.o
  CC yacc/output.o
  CC yacc/reader.o
  CC yacc/skeleton.o
  CC yacc/symtab.o
  CC yacc/verbose.o
  CC yacc/warshall.o
make -C stdlib all
make[4]: Entering directory '/home/ubuntu/jsip-debugger/stdlib'
  OCAMLC camlinternalFormatBasics.cmi
  OCAMLC camlinternalFormatBasics.cmo
  OCAMLC stdlib.cmi
  OCAMLC stdlib.cmo
  OCAMLC stdlib__Either.cmi
  OCAMLC stdlib__Sys.cmi
  OCAMLC stdlib__Int32.cmi
  OCAMLC stdlib__Type.cmi
  OCAMLC stdlib__Atomic.cmi
  OCAMLC camlinternalLazy.cmi
  OCAMLC stdlib__Pair.cmi
  OCAMLC stdlib__Bool.cmi
  OCAMLC stdlib__Char.cmi
  OCAMLC stdlib__Uchar.cmi
  OCAMLC stdlib__Int.cmi
  OCAMLC stdlib__Unit.cmi
  OCAMLC stdlib__Marshal.cmi
  OCAMLC stdlib__Int64.cmi
  OCAMLC stdlib__Nativeint.cmi
  OCAMLC stdlib__Lexing.cmi
  OCAMLC stdlib__Repr.cmi
  OCAMLC stdlib__Mutex.cmi
  OCAMLC stdlib__Semaphore.cmi
  OCAMLC stdlib__Arg.cmi
  OCAMLC stdlib__Domain.cmi
  OCAMLC stdlib__Fun.cmi
  OCAMLC stdlib__Complex.cmi
  OCAMLC stdlib__Digest.cmi
  OCAMLC stdlib__Scanf.cmi
  OCAMLC stdlib__Callback.cmi
  OCAMLC stdlib__Pqueue.cmi
  OCAMLC stdlib__Filename.cmi
  OCAMLC std_exit.cmi
  OCAMLC stdlib__Either.cmo
  OCAMLC stdlib__Lazy.cmi
  OCAMLC stdlib__Seq.cmi
  OCAMLC stdlib__Bool.cmo
  OCAMLC stdlib__Unit.cmo
  OCAMLC stdlib__Obj.cmi
  OCAMLC stdlib__Atomic.cmo
  OCAMLC stdlib__Pair.cmo
  OCAMLC stdlib__Char.cmo
  OCAMLC stdlib__Uchar.cmo
  OCAMLC stdlib__Int32.cmo
  OCAMLC stdlib__Repr.cmo
  OCAMLC stdlib__Sys.cmo
  OCAMLC stdlib__Int.cmo
  OCAMLC stdlib__Mutex.cmo
  OCAMLC stdlib__Condition.cmi
  OCAMLC stdlib__Int64.cmo
  OCAMLC stdlib__Nativeint.cmo
  OCAMLC stdlib__Bigarray.cmi
  OCAMLC stdlib__Random.cmi
  OCAMLC std_exit.cmo
  OCAMLC stdlib__Obj.cmo
  OCAMLC stdlib__Type.cmo
  OCAMLC camlinternalLazy.cmo
  OCAMLC stdlib__Lazy.cmo
  OCAMLC stdlib__Parsing.cmi
  OCAMLC stdlib__Condition.cmo
  OCAMLC stdlib__Semaphore.cmo
  OCAMLC stdlib__Printexc.cmi
  OCAMLC stdlib__Callback.cmo
  OCAMLC camlinternalOO.cmi
  OCAMLC camlinternalMod.cmi
  OCAMLC stdlib__Seq.cmo
  OCAMLC stdlib__Option.cmi
  OCAMLC stdlib__Result.cmi
  OCAMLC stdlib__List.cmi
  OCAMLC stdlib__Array.cmi
  OCAMLC stdlib__Iarray.cmi
  OCAMLC stdlib__Bytes.cmi
  OCAMLC stdlib__String.cmi
  OCAMLC stdlib__Float.cmi
  OCAMLC stdlib__Set.cmi
  OCAMLC stdlib__Map.cmi
  OCAMLC stdlib__Stack.cmi
  OCAMLC stdlib__Queue.cmi
  OCAMLC stdlib__Buffer.cmi
  OCAMLC stdlib__Gc.cmi
  OCAMLC stdlib__Hashtbl.cmi
  MKEXE yacc/ocamlyacc
  OCAMLC stdlib__Dynarray.cmi
  OCAMLC stdlib__ArrayLabels.cmi
  OCAMLC stdlib__ListLabels.cmi
  OCAMLC stdlib__BytesLabels.cmi
  OCAMLC stdlib__StringLabels.cmi
  OCAMLC stdlib__Effect.cmi
  OCAMLC stdlib__Oo.cmi
  OCAMLC stdlib__Option.cmo
  OCAMLC stdlib__Result.cmo
  OCAMLC stdlib__Oo.cmo
  OCAMLC stdlib__Queue.cmo
make lex-all
make[4]: Entering directory '/home/ubuntu/jsip-debugger'
  OCAMLC camlinternalFormat.cmi
  OCAMLC stdlib__Printf.cmi
  OCAMLC stdlib__Array.cmo
  OCAMLC stdlib__Iarray.cmo
  OCAMLC stdlib__Parsing.cmo
  OCAMLC camlinternalMod.cmo
  OCAMLC stdlib__In_channel.cmi
  OCAMLC stdlib__Out_channel.cmi
  OCAMLC stdlib__Bigarray.cmo
  OCAMLC stdlib__List.cmo
  OCAMLC stdlib__Bytes.cmo
  OCAMLC stdlib__String.cmo
  OCAMLC stdlib__Marshal.cmo
  OCAMLC stdlib__Lexing.cmo
  OCAMLC stdlib__Set.cmo
  OCAMLC stdlib__Stack.cmo
  OCAMLC stdlib__Buffer.cmo
  OCAMLC stdlib__Domain.cmo
  OCAMLC stdlib__Random.cmo
  OCAMLC stdlib__Format.cmi
  OCAMLC stdlib__Pqueue.cmo
  OCAMLC stdlib__ArrayLabels.cmo
  OCAMLC stdlib__BytesLabels.cmo
  OCAMLC stdlib__Map.cmo
  OCAMLC camlinternalOO.cmo
  OCAMLC stdlib__ListLabels.cmo
  OCAMLC stdlib__StringLabels.cmo
  OCAMLC stdlib__StdLabels.cmi
  OCAMLC stdlib__Float.cmo
  OCAMLC stdlib__Complex.cmo
  OCAMLC stdlib__Out_channel.cmo
  OCAMLC stdlib__Digest.cmo
  OCAMLC stdlib__In_channel.cmo
  OCAMLC stdlib__Hashtbl.cmo
  OCAMLC stdlib__Weak.cmi
  OCAMLC stdlib__Dynarray.cmo
  OCAMLC stdlib__Ephemeron.cmi
  OCAMLC stdlib__Filename.cmo
  OCAMLC lex/cset.cmi
  OCAMLC stdlib__MoreLabels.cmi
  OCAMLYACC lex/parser.mli
  OCAMLC stdlib__Effect.cmo
  OCAMLLEX lex/lexer.ml
  OCAMLC lex/table.cmi
  OCAMLC camlinternalFormat.cmo
  OCAMLC lex/main.cmi
  OCAMLC stdlib__Printf.cmo
  OCAMLC stdlib__Arg.cmo
  OCAMLC stdlib__Printexc.cmo
  OCAMLC stdlib__Fun.cmo
  OCAMLC stdlib__Gc.cmo
  OCAMLC stdlib__Scanf.cmo
  OCAMLC stdlib__StdLabels.cmo
  OCAMLC stdlib__Weak.cmo
  OCAMLC lex/cset.cmo
  OCAMLC lex/syntax.cmi
  OCAMLC lex/table.cmo
  OCAMLC stdlib__Format.cmo
  OCAMLC lex/syntax.cmo
  OCAMLC lex/parser.cmi
  OCAMLC lex/lexgen.cmi
  OCAMLC stdlib__Ephemeron.cmo
  OCAMLC lex/parser.cmo
  OCAMLC lex/lexer.cmi
  OCAMLC lex/lexgen.cmo
  OCAMLC lex/compact.cmi
  OCAMLC lex/common.cmi
  OCAMLC lex/exhaustiveness.cmi
  OCAMLC lex/lexer.cmo
  OCAMLC lex/compact.cmo
  OCAMLC lex/common.cmo
  OCAMLC lex/output.cmi
  OCAMLC lex/outputbis.cmi
  OCAMLC lex/exhaustiveness.cmo
  OCAMLC lex/outputbis.cmo
  OCAMLC lex/output.cmo
  OCAMLC lex/main.cmo
  OCAMLC stdlib__MoreLabels.cmo
  LINKC lex/ocamllex
make[4]: Leaving directory '/home/ubuntu/jsip-debugger'
make tools-all
make[4]: Entering directory '/home/ubuntu/jsip-debugger'
  OCAMLC tools/ocamldep.cmi
  OCAMLC middle_end/printclambda_primitives.cmi
  OCAMLC middle_end/printclambda.cmi
  OCAMLC middle_end/semantics_of_primitives.cmi
  OCAMLC middle_end/convert_primitives.cmi
  OCAMLC middle_end/flambda/base_types/id_types.cmi
  OCAMLC middle_end/flambda/pass_wrapper.cmi
  OCAMLC middle_end/flambda/flambda_iterators.cmi
  OCAMLC middle_end/flambda/flambda_utils.cmi
  OCAMLC middle_end/flambda/effect_analysis.cmi
  OCAMLC middle_end/flambda/inlining_cost.cmi
  OCAMLC middle_end/flambda/export_info_for_pack.cmi
  OCAMLC middle_end/compilenv.cmi
  OCAMLC middle_end/backend_intf.cmi
  OCAMLC middle_end/flambda/import_approx.cmi
  OCAMLC middle_end/flambda/lift_code.cmi
  OCAMLC middle_end/flambda/closure_conversion_aux.cmi
  OCAMLC middle_end/flambda/initialize_symbol_to_let_symbol.cmi
  OCAMLC middle_end/flambda/alias_analysis.cmi
  OCAMLC middle_end/flambda/share_constants.cmi
  OCAMLC middle_end/flambda/remove_unused_closure_vars.cmi
  OCAMLC middle_end/flambda/remove_unused_program_constructs.cmi
  OCAMLC middle_end/flambda/remove_free_vars_equal_to_args.cmi
  OCAMLC middle_end/flambda/ref_to_variables.cmi
  OCAMLC middle_end/flambda/flambda_invariants.cmi
  OCAMLC middle_end/flambda/traverse_for_exported_symbols.cmi
  OCAMLC middle_end/flambda/closure_offsets.cmi
  OCAMLC middle_end/flambda/un_anf.cmi
  OCAMLC middle_end/flambda/flambda_to_clambda.cmi
  OCAMLC middle_end/internal_variable_names.cmo
  OCAMLC middle_end/linkage_name.cmo
  OCAMLC middle_end/compilation_unit.cmo
  OCAMLC middle_end/variable.cmo
  OCAMLC middle_end/flambda/base_types/closure_element.cmo
  OCAMLC middle_end/flambda/base_types/closure_id.cmo
  OCAMLC middle_end/symbol.cmo
  OCAMLC middle_end/backend_var.cmo
  OCAMLC middle_end/clambda_primitives.cmo
  OCAMLC middle_end/clambda.cmo
  OCAMLC middle_end/semantics_of_primitives.cmo
  OCAMLC middle_end/flambda/base_types/tag.cmo
  OCAMLC middle_end/flambda/base_types/mutable_variable.cmo
  OCAMLC middle_end/flambda/base_types/set_of_closures_origin.cmo
  OCAMLC middle_end/flambda/base_types/closure_origin.cmo
  OCAMLC middle_end/flambda/base_types/var_within_closure.cmo
  OCAMLC middle_end/flambda/base_types/static_exception.cmo
  OCAMLC middle_end/flambda/allocated_const.cmo
  OCAMLC middle_end/flambda/parameter.cmo
  OCAMLC middle_end/flambda/projection.cmo
  OCAMLC middle_end/flambda/flambda.cmo
  OCAMLC middle_end/flambda/effect_analysis.cmo
  OCAMLC middle_end/flambda/export_info.cmo
  OCAMLC tools/objinfo.cmi
  OCAMLC tools/ocamlcmt.cmi
  OCAMLC tools/ocamlprof.cmi
  OCAMLC tools/ocamlcp_common.cmi
  OCAMLC tools/ocamlcp.cmi
  OCAMLC tools/ocamlmklib.cmi
  OCAMLC tools/ocamlmktop.cmi
  OCAMLC tools/ocamloptp.cmi
  OCAMLC tools/dumpobj.cmi
  OCAMLC tools/primreq.cmi
  OCAMLC tools/stripdebug.cmi
  OCAMLC tools/cmpbyt.cmi
  OCAMLC tools/profiling.cmi
  OCAMLC tools/ocamldep.cmo
  OCAMLC middle_end/closure/closure.cmi
  OCAMLC middle_end/closure/closure_middle_end.cmi
  OCAMLC middle_end/flambda/closure_conversion.cmi
  OCAMLC middle_end/flambda/lift_let_to_initialize_symbol.cmi
  OCAMLC middle_end/flambda/find_recursive_functions.cmi
  OCAMLC middle_end/flambda/invariant_params.cmi
  OCAMLC middle_end/flambda/inconstant_idents.cmi
  OCAMLC middle_end/flambda/lift_constants.cmi
  OCAMLC middle_end/flambda/simplify_common.cmi
  OCAMLC middle_end/flambda/remove_unused_arguments.cmi
  OCAMLC middle_end/flambda/simplify_boxed_integer_ops_intf.cmi
  OCAMLC middle_end/flambda/simplify_primitives.cmi
  OCAMLC middle_end/flambda/inlining_stats_types.cmi
  OCAMLC middle_end/flambda/build_export_info.cmi
  OCAMLC middle_end/flambda/flambda_middle_end.cmi
  OCAMLC middle_end/printclambda_primitives.cmo
  OCAMLC middle_end/printclambda.cmo
  OCAMLC middle_end/convert_primitives.cmo
  OCAMLC middle_end/flambda/base_types/id_types.cmo
  OCAMLC middle_end/flambda/base_types/export_id.cmo
  OCAMLC middle_end/flambda/base_types/set_of_closures_id.cmo
  OCAMLC middle_end/flambda/pass_wrapper.cmo
  OCAMLC middle_end/flambda/flambda_iterators.cmo
  OCAMLC middle_end/flambda/inlining_cost.cmo
  OCAMLC middle_end/flambda/export_info_for_pack.cmo
  OCAMLC middle_end/compilenv.cmo
  OCAMLC middle_end/flambda/import_approx.cmo
  OCAMLC middle_end/flambda/lift_code.cmo
  OCAMLC middle_end/flambda/closure_conversion_aux.cmo
  OCAMLC middle_end/flambda/initialize_symbol_to_let_symbol.cmo
  OCAMLC middle_end/flambda/alias_analysis.cmo
  OCAMLC middle_end/flambda/share_constants.cmo
  OCAMLC middle_end/flambda/remove_unused_closure_vars.cmo
  OCAMLC middle_end/flambda/remove_unused_program_constructs.cmo
  OCAMLC middle_end/flambda/remove_free_vars_equal_to_args.cmo
  OCAMLC middle_end/flambda/ref_to_variables.cmo
  OCAMLC middle_end/flambda/flambda_invariants.cmo
  OCAMLC middle_end/flambda/closure_offsets.cmo
  OCAMLC middle_end/flambda/un_anf.cmo
  OCAMLC middle_end/flambda/flambda_to_clambda.cmo
  OCAMLC middle_end/flambda/flambda_utils.cmo
  OCAMLC middle_end/flambda/freshening.cmo
  OCAMLC middle_end/flambda/simple_value_approx.cmo
  OCAMLC tools/objinfo.cmo
  OCAMLC tools/ocamlcmt.cmo
  OCAMLC tools/ocamlprof.cmo
  OCAMLC tools/ocamlmklib.cmo
  OCAMLC tools/ocamlcp_common.cmo
  OCAMLC tools/ocamlcp.cmo
  OCAMLC tools/ocamlmktop.cmo
  OCAMLC tools/ocamloptp.cmo
  OCAMLC tools/dumpobj.cmo
  OCAMLC tools/primreq.cmo
  OCAMLC middle_end/flambda/traverse_for_exported_symbols.cmo
  OCAMLC tools/stripdebug.cmo
  OCAMLC tools/cmpbyt.cmo
  OCAMLC tools/profiling.cmo
  LINKC tools/ocamldep
  OCAMLC middle_end/closure/closure.cmo
  OCAMLC middle_end/flambda/lift_let_to_initialize_symbol.cmo
  OCAMLC middle_end/flambda/find_recursive_functions.cmo
  OCAMLC middle_end/closure/closure_middle_end.cmo
  OCAMLC middle_end/flambda/closure_conversion.cmo
  OCAMLC middle_end/flambda/inconstant_idents.cmo
  OCAMLC middle_end/flambda/lift_constants.cmo
  OCAMLC middle_end/flambda/inlining_stats.cmi
  OCAMLC middle_end/flambda/inline_and_simplify_aux.cmi
  OCAMLC middle_end/flambda/inlining_stats_types.cmo
  OCAMLC middle_end/flambda/simplify_boxed_integer_ops.cmi
  OCAMLC middle_end/flambda/invariant_params.cmo
  OCAMLC middle_end/flambda/simplify_common.cmo
  OCAMLC middle_end/flambda/remove_unused_arguments.cmo
  LINKC tools/ocamlmktop
  OCAMLC middle_end/flambda/inlining_stats.cmo
  OCAMLC middle_end/flambda/simplify_boxed_integer_ops.cmo
  OCAMLC middle_end/flambda/simplify_primitives.cmo
  LINKC tools/stripdebug
  LINKC tools/primreq
  LINKC tools/cmpbyt
  LINKC tools/ocamlcp
  LINKC tools/ocamloptp
  OCAMLC middle_end/flambda/inlining_decision_intf.cmi
  OCAMLC middle_end/flambda/extract_projections.cmi
  OCAMLC middle_end/flambda/augment_specialised_args.cmi
  OCAMLC middle_end/flambda/unbox_free_vars_of_closures.cmi
  OCAMLC middle_end/flambda/unbox_specialised_args.cmi
  OCAMLC middle_end/flambda/unbox_closures.cmi
  OCAMLC middle_end/flambda/inline_and_simplify.cmi
  OCAMLC middle_end/flambda/inline_and_simplify_aux.cmo
  OCAMLC middle_end/flambda/build_export_info.cmo
  OCAMLC middle_end/flambda/extract_projections.cmo
  OCAMLC middle_end/flambda/unbox_free_vars_of_closures.cmo
  OCAMLC middle_end/flambda/augment_specialised_args.cmo
  OCAMLC middle_end/flambda/unbox_specialised_args.cmo
  OCAMLC middle_end/flambda/unbox_closures.cmo
  OCAMLC middle_end/flambda/inlining_transforms.cmi
  OCAMLC middle_end/flambda/inlining_decision.cmi
  OCAMLC middle_end/flambda/flambda_middle_end.cmo
  LINKC tools/ocamlcmt
  LINKC tools/ocamlmklib
  OCAMLC middle_end/flambda/inline_and_simplify.cmo
  OCAMLC middle_end/flambda/inlining_transforms.cmo
  OCAMLC middle_end/flambda/inlining_decision.cmo
  LINKC tools/ocamlprof
  LINKC tools/dumpobj
  LINKC compilerlibs/ocamlmiddleend.cma
  LINKC tools/ocamlobjinfo
make[4]: Leaving directory '/home/ubuntu/jsip-debugger'
  LINKC stdlib.cma
make[4]: Leaving directory '/home/ubuntu/jsip-debugger/stdlib'
make[3]: Leaving directory '/home/ubuntu/jsip-debugger'
rm runtime/api-testing/stack.c runtime/api-testing/memory.cpp runtime/api-testing/weak.cpp runtime/api-testing/bigarray.cpp.o runtime/api-testing/instruct.c.o runtime/api-testing/weak.c runtime/api-testing/signals.cpp runtime/api-testing/alloc.c.o runtime/api-testing/instruct.cpp.o runtime/api-testing/custom.cpp runtime/api-testing/gc.cpp runtime/api-testing/camlatomic.cpp.o runtime/api-testing/opcodes.c runtime/api-testing/sys.cpp runtime/api-testing/weak.cpp.o runtime/api-testing/fiber.cpp.o runtime/api-testing/domain.cpp runtime/api-testing/fix_code.cpp.o runtime/api-testing/stack.cpp runtime/api-testing/backtrace_prim.c.o runtime/api-testing/misc.cpp.o runtime/api-testing/winsupport.cpp runtime/api-testing/custom.c.o runtime/api-testing/callback.c runtime/api-testing/bigarray.cpp runtime/api-testing/domain_state.cpp runtime/api-testing/dynlink.cpp.o runtime/api-testing/gc_stats.cpp runtime/api-testing/compare.c runtime/api-testing/backtrace_prim.c runtime/api-testing/debugger.cpp runtime/api-testing/skiplist.cpp.o runtime/api-testing/md5.c runtime/api-testing/memprof.cpp runtime/api-testing/hash.c.o runtime/api-testing/codefrag.cpp.o runtime/api-testing/unixsupport.c runtime/api-testing/startup_aux.c runtime/api-testing/intext.cpp runtime/api-testing/gc_ctrl.cpp.o runtime/api-testing/threads.cpp.o runtime/api-testing/backtrace_prim.cpp runtime/api-testing/socketaddr.cpp.o runtime/api-testing/sync.c.o runtime/api-testing/startup.c runtime/api-testing/sync.cpp.o runtime/api-testing/custom.c runtime/api-testing/gc.cpp.o runtime/api-testing/backtrace.cpp runtime/api-testing/hooks.cpp runtime/api-testing/globroots.c.o runtime/api-testing/winsupport.c.o runtime/api-testing/finalise.c runtime/api-testing/compatibility.c runtime/api-testing/lf_skiplist.c runtime/api-testing/signals.cpp.o runtime/api-testing/major_gc.c runtime/api-testing/fail.c.o runtime/api-testing/finalise.cpp.o runtime/api-testing/threads.c runtime/api-testing/startup_aux.c.o runtime/api-testing/gc_stats.c.o runtime/api-testing/misc.c runtime/api-testing/printexc.c runtime/api-testing/compare.cpp runtime/api-testing/major_gc.c.o runtime/api-testing/alloc.cpp runtime/api-testing/address_class.cpp runtime/api-testing/callback.cpp.o runtime/api-testing/s.c runtime/api-testing/startup_aux.cpp.o runtime/api-testing/reverse.c.o runtime/api-testing/sys.c runtime/api-testing/prims.c.o runtime/api-testing/version.c.o runtime/api-testing/domain.c.o runtime/api-testing/fix_code.c.o runtime/api-testing/hash.cpp.o runtime/api-testing/frame_descriptors.c runtime/api-testing/socketaddr.c runtime/api-testing/mlvalues.c runtime/api-testing/m.cpp.o runtime/api-testing/unixsupport.c.o runtime/api-testing/gc_stats.c runtime/api-testing/alloc.cpp.o runtime/api-testing/fiber.cpp runtime/api-testing/shared_heap.cpp.o runtime/api-testing/dynlink.c runtime/api-testing/memprof.c runtime/api-testing/compare.cpp.o runtime/api-testing/compatibility.c.o runtime/api-testing/winsupport.c runtime/api-testing/fix_code.c runtime/api-testing/interp.c.o runtime/api-testing/addrmap.cpp runtime/api-testing/config.cpp.o runtime/api-testing/globroots.cpp.o runtime/api-testing/sys.cpp.o runtime/api-testing/bigarray.c.o runtime/api-testing/shared_heap.c runtime/api-testing/opcodes.cpp.o runtime/api-testing/md5.cpp runtime/api-testing/gc_ctrl.cpp runtime/api-testing/domain.cpp.o runtime/api-testing/major_gc.cpp.o runtime/api-testing/sizeclasses.cpp runtime/api-testing/codefrag.cpp runtime/api-testing/finalise.cpp runtime/api-testing/interp.cpp runtime/api-testing/startup.cpp runtime/api-testing/opcodes.c.o runtime/api-testing/platform.c runtime/api-testing/exec.cpp runtime/api-testing/io.cpp.o runtime/api-testing/blake2.cpp runtime/api-testing/sync.cpp runtime/api-testing/asm.c.o runtime/api-testing/fiber.c runtime/api-testing/instrtrace.c runtime/api-testing/address_class.cpp.o runtime/api-testing/reverse.cpp runtime/api-testing/sync.c runtime/api-testing/instruct.c runtime/api-testing/blake2.cpp.o runtime/api-testing/lf_skiplist.cpp.o runtime/api-testing/socketaddr.c.o runtime/api-testing/compatibility.cpp runtime/api-testing/io.c runtime/api-testing/dynlink.c.o runtime/api-testing/osdeps.c.o runtime/api-testing/codefrag.c.o runtime/api-testing/osdeps.cpp runtime/api-testing/exec.c.o runtime/api-testing/sizeclasses.c.o runtime/api-testing/version.cpp.o runtime/api-testing/backtrace.c.o runtime/api-testing/gc.c runtime/api-testing/gc.c.o runtime/api-testing/minor_gc.c.o runtime/api-testing/runtime_events_consumer.cpp runtime/api-testing/roots.c runtime/api-testing/fiber.c.o runtime/api-testing/callback.cpp runtime/api-testing/mlvalues.cpp runtime/api-testing/alloc.c runtime/api-testing/prims.cpp runtime/api-testing/osdeps.cpp.o runtime/api-testing/printexc.cpp.o runtime/api-testing/finalise.c.o runtime/api-testing/asm.cpp.o runtime/api-testing/socketaddr.cpp runtime/api-testing/s.c.o runtime/api-testing/tsan.c.o runtime/api-testing/roots.c.o runtime/api-testing/mlvalues.c.o runtime/api-testing/gc_ctrl.c runtime/api-testing/minor_gc.cpp.o runtime/api-testing/fail.c runtime/api-testing/tsan.c runtime/api-testing/asm.cpp runtime/api-testing/version.cpp runtime/api-testing/custom.cpp.o runtime/api-testing/fail.cpp runtime/api-testing/s.cpp.o runtime/api-testing/interp.cpp.o runtime/api-testing/bigarray.c runtime/api-testing/memory.cpp.o runtime/api-testing/config.cpp runtime/api-testing/major_gc.cpp runtime/api-testing/prims.c runtime/api-testing/unixsupport.cpp runtime/api-testing/domain_state.c.o runtime/api-testing/reverse.c runtime/api-testing/misc.c.o runtime/api-testing/runtime_events.cpp.o runtime/api-testing/gc_stats.cpp.o runtime/api-testing/memory.c.o runtime/api-testing/tsan.cpp runtime/api-testing/m.c.o runtime/api-testing/shared_heap.c.o runtime/api-testing/codefrag.c runtime/api-testing/runtime_events.c.o runtime/api-testing/platform.cpp runtime/api-testing/sizeclasses.cpp.o runtime/api-testing/addrmap.c.o runtime/api-testing/mlvalues.cpp.o runtime/api-testing/stack.cpp.o runtime/api-testing/exec.c runtime/api-testing/address_class.c.o runtime/api-testing/addrmap.cpp.o runtime/api-testing/compatibility.cpp.o runtime/api-testing/version.c runtime/api-testing/dynlink.cpp runtime/api-testing/debugger.cpp.o runtime/api-testing/s.cpp runtime/api-testing/m.cpp runtime/api-testing/opcodes.cpp runtime/api-testing/callback.c.o runtime/api-testing/io.c.o runtime/api-testing/weak.c.o runtime/api-testing/signals.c.o runtime/api-testing/platform.c.o runtime/api-testing/hooks.c runtime/api-testing/backtrace.c runtime/api-testing/instrtrace.c.o runtime/api-testing/md5.c.o runtime/api-testing/compare.c.o runtime/api-testing/fix_code.cpp runtime/api-testing/skiplist.c runtime/api-testing/reverse.cpp.o runtime/api-testing/startup.cpp.o runtime/api-testing/startup.c.o runtime/api-testing/frame_descriptors.c.o runtime/api-testing/runtime_events.c runtime/api-testing/instrtrace.cpp.o runtime/api-testing/instrtrace.cpp runtime/api-testing/misc.cpp runtime/api-testing/runtime_events_consumer.c.o runtime/api-testing/io.cpp runtime/api-testing/config.c runtime/api-testing/threads.cpp runtime/api-testing/domain_state.c runtime/api-testing/roots.cpp runtime/api-testing/backtrace_prim.cpp.o runtime/api-testing/hash.cpp runtime/api-testing/tsan.cpp.o runtime/api-testing/minor_gc.c runtime/api-testing/hooks.c.o runtime/api-testing/lf_skiplist.cpp runtime/api-testing/exec.cpp.o runtime/api-testing/hash.c runtime/api-testing/interp.c runtime/api-testing/sizeclasses.c runtime/api-testing/domain_state.cpp.o runtime/api-testing/lf_skiplist.c.o runtime/api-testing/asm.c runtime/api-testing/roots.cpp.o runtime/api-testing/camlatomic.c.o runtime/api-testing/unixsupport.cpp.o runtime/api-testing/skiplist.cpp runtime/api-testing/printexc.c.o runtime/api-testing/camlatomic.cpp runtime/api-testing/domain.c runtime/api-testing/blake2.c.o runtime/api-testing/threads.c.o runtime/api-testing/backtrace.cpp.o runtime/api-testing/prims.cpp.o runtime/api-testing/blake2.c runtime/api-testing/debugger.c.o runtime/api-testing/memory.c runtime/api-testing/skiplist.c.o runtime/api-testing/minor_gc.cpp runtime/api-testing/m.c runtime/api-testing/md5.cpp.o runtime/api-testing/runtime_events_consumer.c runtime/api-testing/intext.c runtime/api-testing/hooks.cpp.o runtime/api-testing/sys.c.o runtime/api-testing/globroots.cpp runtime/api-testing/printexc.cpp runtime/api-testing/frame_descriptors.cpp.o runtime/api-testing/platform.cpp.o runtime/api-testing/gc_ctrl.c.o runtime/api-testing/frame_descriptors.cpp runtime/api-testing/fail.cpp.o runtime/api-testing/intext.cpp.o runtime/api-testing/runtime_events.cpp runtime/api-testing/winsupport.cpp.o runtime/api-testing/startup_aux.cpp runtime/api-testing/addrmap.c runtime/api-testing/address_class.c runtime/api-testing/runtime_events_consumer.cpp.o runtime/api-testing/intext.c.o runtime/api-testing/signals.c runtime/api-testing/camlatomic.c runtime/api-testing/memprof.cpp.o runtime/api-testing/debugger.c runtime/api-testing/config.c.o runtime/api-testing/osdeps.c runtime/api-testing/memprof.c.o runtime/api-testing/stack.c.o runtime/api-testing/shared_heap.cpp runtime/api-testing/globroots.c runtime/api-testing/instruct.cpp
make[2]: Leaving directory '/home/ubuntu/jsip-debugger'
make ocaml
make[2]: Entering directory '/home/ubuntu/jsip-debugger'
  OCAMLC toplevel/expunge.cmi
  OCAMLC toplevel/genprintval.cmi
  OCAMLC toplevel/trace.cmi
  OCAMLC toplevel/toploop.cmi
  OCAMLC toplevel/topprinters.cmi
  OCAMLC toplevel/topdirs.cmi
  OCAMLC toplevel/topmain.cmi
  OCAMLC toplevel/topstart.cmi
  OCAMLC toplevel/expunge.cmo
cp toplevel/topmain.cmi toplevel/topmain.mli toplevel/byte
  OCAMLC toplevel/topstart.cmo
cp toplevel/trace.cmi toplevel/trace.mli toplevel/byte
  OCAMLC toplevel/topcommon.cmi
  OCAMLC toplevel/genprintval.cmo
  OCAMLC toplevel/topprinters.cmo
  LINKC expunge
  OCAMLC toplevel/topeval.cmi
  OCAMLC toplevel/topcommon.cmo
  OCAMLC toplevel/byte/topmain.cmo
cp toplevel/topeval.cmi toplevel/topeval.mli toplevel/byte
  OCAMLC toplevel/toploop.cmo
  OCAMLC toplevel/topdirs.cmo
  OCAMLC toplevel/byte/topeval.cmo
  OCAMLC toplevel/byte/trace.cmo
  LINKC compilerlibs/ocamltoplevel.cma
  LINKC ocaml.tmp
  GEN ocaml
rm ocaml.tmp
make[2]: Leaving directory '/home/ubuntu/jsip-debugger'
make opt-core
make[2]: Entering directory '/home/ubuntu/jsip-debugger'
  CC runtime/addrmap.n.o
  CC runtime/afl.n.o
  CC runtime/alloc.n.o
  CC runtime/array.n.o
  CC runtime/backtrace.n.o
  CC runtime/bigarray.n.o
  CC runtime/blake2.n.o
  CC runtime/callback.n.o
  CC runtime/codefrag.n.o
  CC runtime/compare.n.o
  CC runtime/custom.n.o
  CC runtime/debugger.n.o
  CC runtime/domain.n.o
  CC runtime/dynlink.n.o
  CC runtime/extern.n.o
  CC runtime/fail.n.o
  CC runtime/fiber.n.o
  CC runtime/finalise.n.o
  CC runtime/floats.n.o
  CC runtime/gc_ctrl.n.o
  CC runtime/gc_stats.n.o
  CC runtime/globroots.n.o
  CC runtime/hash.n.o
  CC runtime/intern.n.o
  CC runtime/ints.n.o
  CC runtime/io.n.o
  CC runtime/lexing.n.o
  CC runtime/lf_skiplist.n.o
  CC runtime/main.n.o
  CC runtime/major_gc.n.o
  CC runtime/md5.n.o
  CC runtime/memory.n.o
  CC runtime/memprof.n.o
  CC runtime/meta.n.o
  CC runtime/minor_gc.n.o
  CC runtime/misc.n.o
  CC runtime/obj.n.o
  CC runtime/parsing.n.o
  CC runtime/platform.n.o
  CC runtime/printexc.n.o
  CC runtime/prng.n.o
  CC runtime/roots.n.o
  CC runtime/runtime_events.n.o
  CC runtime/shared_heap.n.o
  CC runtime/signals.n.o
  CC runtime/skiplist.n.o
  CC runtime/startup_aux.n.o
  CC runtime/str.n.o
  CC runtime/sync.n.o
  CC runtime/sys.n.o
  CC runtime/unix.n.o
  CC runtime/weak.n.o
  CC runtime/backtrace_nat.n.o
  CC runtime/clambda_checks.n.o
  CC runtime/dynlink_nat.n.o
  CC runtime/fail_nat.n.o
  CC runtime/frame_descriptors.n.o
  CC runtime/startup_nat.n.o
  CC runtime/signals_nat.n.o
  ASM runtime/amd64.o
  CC runtime/zstd.npic.o
  CC runtime/addrmap.nd.o
  CC runtime/afl.nd.o
  CC runtime/alloc.nd.o
  CC runtime/array.nd.o
  CC runtime/backtrace.nd.o
  CC runtime/bigarray.nd.o
  CC runtime/blake2.nd.o
  CC runtime/callback.nd.o
  CC runtime/codefrag.nd.o
  CC runtime/compare.nd.o
  CC runtime/custom.nd.o
  CC runtime/debugger.nd.o
  CC runtime/domain.nd.o
  CC runtime/dynlink.nd.o
  CC runtime/extern.nd.o
  CC runtime/fail.nd.o
  CC runtime/fiber.nd.o
  CC runtime/finalise.nd.o
  CC runtime/floats.nd.o
  CC runtime/gc_ctrl.nd.o
  CC runtime/gc_stats.nd.o
  CC runtime/globroots.nd.o
  CC runtime/hash.nd.o
  CC runtime/intern.nd.o
  CC runtime/ints.nd.o
  CC runtime/io.nd.o
  CC runtime/lexing.nd.o
  CC runtime/lf_skiplist.nd.o
  CC runtime/main.nd.o
  CC runtime/major_gc.nd.o
  CC runtime/md5.nd.o
  CC runtime/memory.nd.o
  CC runtime/memprof.nd.o
  CC runtime/meta.nd.o
  CC runtime/minor_gc.nd.o
  CC runtime/misc.nd.o
  CC runtime/obj.nd.o
  CC runtime/parsing.nd.o
  CC runtime/platform.nd.o
  CC runtime/printexc.nd.o
  CC runtime/prng.nd.o
  CC runtime/roots.nd.o
  CC runtime/runtime_events.nd.o
  CC runtime/shared_heap.nd.o
  CC runtime/signals.nd.o
  CC runtime/skiplist.nd.o
  CC runtime/startup_aux.nd.o
  CC runtime/str.nd.o
  CC runtime/sync.nd.o
  CC runtime/sys.nd.o
  CC runtime/unix.nd.o
  CC runtime/weak.nd.o
  CC runtime/backtrace_nat.nd.o
  CC runtime/clambda_checks.nd.o
  CC runtime/dynlink_nat.nd.o
  CC runtime/fail_nat.nd.o
  CC runtime/frame_descriptors.nd.o
  CC runtime/startup_nat.nd.o
  CC runtime/signals_nat.nd.o
  ASM runtime/amd64.d.o
  CC runtime/addrmap.ni.o
  CC runtime/afl.ni.o
  CC runtime/alloc.ni.o
  CC runtime/array.ni.o
  CC runtime/backtrace.ni.o
  CC runtime/bigarray.ni.o
  CC runtime/blake2.ni.o
  CC runtime/callback.ni.o
  CC runtime/codefrag.ni.o
  CC runtime/compare.ni.o
  CC runtime/custom.ni.o
  CC runtime/debugger.ni.o
  CC runtime/domain.ni.o
  CC runtime/dynlink.ni.o
  CC runtime/extern.ni.o
  CC runtime/fail.ni.o
  CC runtime/fiber.ni.o
  CC runtime/finalise.ni.o
  CC runtime/floats.ni.o
  CC runtime/gc_ctrl.ni.o
  CC runtime/gc_stats.ni.o
  CC runtime/globroots.ni.o
  CC runtime/hash.ni.o
  CC runtime/intern.ni.o
  CC runtime/ints.ni.o
  CC runtime/io.ni.o
  CC runtime/lexing.ni.o
  CC runtime/lf_skiplist.ni.o
  CC runtime/main.ni.o
  CC runtime/major_gc.ni.o
  CC runtime/md5.ni.o
  CC runtime/memory.ni.o
  CC runtime/memprof.ni.o
  CC runtime/meta.ni.o
  CC runtime/minor_gc.ni.o
  CC runtime/misc.ni.o
  CC runtime/obj.ni.o
  CC runtime/parsing.ni.o
  CC runtime/platform.ni.o
  CC runtime/printexc.ni.o
  CC runtime/prng.ni.o
  CC runtime/roots.ni.o
  CC runtime/runtime_events.ni.o
  CC runtime/shared_heap.ni.o
  CC runtime/signals.ni.o
  CC runtime/skiplist.ni.o
  CC runtime/startup_aux.ni.o
  CC runtime/str.ni.o
  CC runtime/sync.ni.o
  CC runtime/sys.ni.o
  CC runtime/unix.ni.o
  CC runtime/weak.ni.o
  CC runtime/backtrace_nat.ni.o
  CC runtime/clambda_checks.ni.o
  CC runtime/dynlink_nat.ni.o
  CC runtime/fail_nat.ni.o
  CC runtime/frame_descriptors.ni.o
  CC runtime/startup_nat.ni.o
  CC runtime/signals_nat.ni.o
  ASM runtime/amd64.i.o
  CC runtime/addrmap.npic.o
  CC runtime/afl.npic.o
  CC runtime/alloc.npic.o
  CC runtime/array.npic.o
  CC runtime/backtrace.npic.o
  CC runtime/bigarray.npic.o
  CC runtime/blake2.npic.o
  CC runtime/callback.npic.o
  CC runtime/codefrag.npic.o
  CC runtime/compare.npic.o
  CC runtime/custom.npic.o
  CC runtime/debugger.npic.o
  CC runtime/domain.npic.o
  CC runtime/dynlink.npic.o
  CC runtime/extern.npic.o
  CC runtime/fail.npic.o
  CC runtime/fiber.npic.o
  CC runtime/finalise.npic.o
  CC runtime/floats.npic.o
  CC runtime/gc_ctrl.npic.o
  CC runtime/gc_stats.npic.o
  CC runtime/globroots.npic.o
  CC runtime/hash.npic.o
  CC runtime/intern.npic.o
  CC runtime/ints.npic.o
  CC runtime/io.npic.o
  CC runtime/lexing.npic.o
  CC runtime/lf_skiplist.npic.o
  CC runtime/main.npic.o
  CC runtime/major_gc.npic.o
  CC runtime/md5.npic.o
  CC runtime/memory.npic.o
  CC runtime/memprof.npic.o
  CC runtime/meta.npic.o
  CC runtime/minor_gc.npic.o
  CC runtime/misc.npic.o
  CC runtime/obj.npic.o
  CC runtime/parsing.npic.o
  CC runtime/platform.npic.o
  CC runtime/printexc.npic.o
  CC runtime/prng.npic.o
  CC runtime/roots.npic.o
  CC runtime/runtime_events.npic.o
  CC runtime/shared_heap.npic.o
  CC runtime/signals.npic.o
  CC runtime/skiplist.npic.o
  CC runtime/startup_aux.npic.o
  CC runtime/str.npic.o
  CC runtime/sync.npic.o
  CC runtime/sys.npic.o
  CC runtime/unix.npic.o
  CC runtime/weak.npic.o
  CC runtime/backtrace_nat.npic.o
  CC runtime/clambda_checks.npic.o
  CC runtime/dynlink_nat.npic.o
  CC runtime/fail_nat.npic.o
  CC runtime/frame_descriptors.npic.o
  CC runtime/startup_nat.npic.o
  CC runtime/signals_nat.npic.o
  ASM runtime/amd64_libasmrunpic.o
  MKLIB runtime/libcomprmarsh.a
  MKLIB runtime/libasmrun.a
  MKLIB runtime/libasmruni.a
  MKLIB runtime/libasmrun_pic.a
  MKDLL runtime/libasmrun_shared.so
  MKLIB runtime/libasmrund.a
cd  stdlib && ln -sf  ../runtime/libasmrun.a .
make ocamlopt
make[3]: Entering directory '/home/ubuntu/jsip-debugger'
  OCAMLC asmcomp/x86_ast.cmi
  OCAMLC asmcomp/cmm.cmi
  OCAMLC asmcomp/coloring.cmi
  OCAMLC asmcomp/asmlink.cmi
  OCAMLC asmcomp/asmlibrarian.cmi
  OCAMLC asmcomp/asmpackager.cmi
  OCAMLC driver/opterrors.cmi
  OCAMLC driver/optcompile.cmi
  OCAMLC driver/optmaindriver.cmi
  OCAMLC tools/cvt_emit.cmi
  OCAMLLEX tools/cvt_emit.ml
  OCAMLC driver/optmain.cmi
ocamllex warning [missing-case]:
File "tools/cvt_emit.mll", lines 57-87, characters 14-26: rule "command" is not exhaustive.
Here is an example of nonmatching input:
"\\"
Hint: consider adding '| _ { ... }'
ocamllex warning [missing-case]:
File "tools/cvt_emit.mll", lines 89-98, characters 13-18: rule "string" is not exhaustive.
Here is an example of nonmatching input:
"\\"
Hint: consider adding '| _ { ... }'
  OCAMLC asmcomp/asmlibrarian.cmo
  OCAMLC driver/opterrors.cmo
  OCAMLC asmcomp/printcmm.cmi
  OCAMLC asmcomp/reg.cmi
  OCAMLC asmcomp/strmatch.cmi
  OCAMLC asmcomp/cmmgen_state.cmi
  OCAMLC asmcomp/afl_instrument.cmi
  OCAMLC asmcomp/thread_sanitizer.cmi
  OCAMLC asmcomp/cmmgen.cmi
  OCAMLC asmcomp/cmm_invariants.cmi
  OCAMLC asmcomp/cmm.cmo
  OCAMLC driver/optmain.cmo
  OCAMLC tools/cvt_emit.cmo
  OCAMLC asmcomp/x86_proc.cmi
  OCAMLC asmcomp/x86_dsl.cmi
  OCAMLC asmcomp/x86_gas.cmi
  OCAMLC asmcomp/x86_masm.cmi
  OCAMLC asmcomp/arch.cmi
  LINKC tools/cvt_emit
  GEN asmcomp/emit.ml
  OCAMLC asmcomp/afl_instrument.cmo
  OCAMLC asmcomp/printcmm.cmo
  OCAMLC asmcomp/cmm_invariants.cmo
  OCAMLC asmcomp/cmm_helpers.cmi
  OCAMLC asmcomp/cmmgen_state.cmo
  OCAMLC asmcomp/x86_proc.cmo
  OCAMLC asmcomp/x86_gas.cmo
  OCAMLC asmcomp/x86_masm.cmo
  OCAMLC asmcomp/arch.cmo
  OCAMLC asmcomp/strmatch.cmo
  OCAMLC asmcomp/x86_dsl.cmo
  OCAMLC asmcomp/mach.cmi
  OCAMLC asmcomp/reg.cmo
  OCAMLC asmcomp/proc.cmi
  OCAMLC asmcomp/interval.cmi
  OCAMLC asmcomp/dataflow.cmi
  OCAMLC asmcomp/polling.cmi
  OCAMLC asmcomp/selectgen.cmi
  OCAMLC asmcomp/selection.cmi
  OCAMLC asmcomp/comballoc.cmi
  OCAMLC asmcomp/CSEgen.cmi
  OCAMLC asmcomp/CSE.cmi
  OCAMLC asmcomp/liveness.cmi
  OCAMLC asmcomp/spill.cmi
  OCAMLC asmcomp/split.cmi
  OCAMLC asmcomp/interf.cmi
  OCAMLC asmcomp/reloadgen.cmi
  OCAMLC asmcomp/reload.cmi
  OCAMLC asmcomp/deadcode.cmi
  OCAMLC asmcomp/stackframegen.cmi
  OCAMLC asmcomp/linear.cmi
  OCAMLC asmcomp/mach.cmo
  OCAMLC asmcomp/cmm_helpers.cmo
  OCAMLC asmcomp/thread_sanitizer.cmo
  OCAMLC asmcomp/cmmgen.cmo
  OCAMLC asmcomp/comballoc.cmo
  OCAMLC asmcomp/dataflow.cmo
  OCAMLC asmcomp/split.cmo
  OCAMLC asmcomp/printmach.cmi
  OCAMLC asmcomp/linscan.cmi
  OCAMLC asmcomp/CSE.cmo
  OCAMLC asmcomp/deadcode.cmo
  OCAMLC asmcomp/proc.cmo
  OCAMLC asmcomp/interval.cmo
  OCAMLC asmcomp/CSEgen.cmo
  OCAMLC asmcomp/spill.cmo
  OCAMLC asmcomp/interf.cmo
  OCAMLC asmcomp/coloring.cmo
  OCAMLC asmcomp/stackframegen.cmo
  OCAMLC driver/optmaindriver.cmo
  OCAMLC asmcomp/stackframe.cmi
  OCAMLC asmcomp/printlinear.cmi
  OCAMLC asmcomp/linearize.cmi
  OCAMLC file_formats/linear_format.cmi
  OCAMLC asmcomp/schedgen.cmi
  OCAMLC asmcomp/scheduling.cmi
  OCAMLC asmcomp/branch_relaxation_intf.cmi
  OCAMLC asmcomp/emitenv.cmi
  OCAMLC asmcomp/emit.cmi
  OCAMLC asmcomp/polling.cmo
  OCAMLC asmcomp/reloadgen.cmo
  OCAMLC asmcomp/reload.cmo
  OCAMLC asmcomp/linear.cmo
  OCAMLC asmcomp/selectgen.cmo
  OCAMLC asmcomp/selection.cmo
  OCAMLC asmcomp/linscan.cmo
  OCAMLC asmcomp/printmach.cmo
  OCAMLC asmcomp/liveness.cmo
  OCAMLC asmcomp/stackframe.cmo
  OCAMLC file_formats/linear_format.cmo
  OCAMLC asmcomp/linearize.cmo
  OCAMLC asmcomp/printlinear.cmo
  OCAMLC asmcomp/schedgen.cmo
  OCAMLC asmcomp/scheduling.cmo
  OCAMLC asmcomp/branch_relaxation.cmi
  OCAMLC asmcomp/emitaux.cmi
  OCAMLC asmcomp/branch_relaxation.cmo
  OCAMLC asmcomp/asmgen.cmi
  OCAMLC asmcomp/emitaux.cmo
  OCAMLC asmcomp/emit.cmo
  OCAMLC asmcomp/asmgen.cmo
  OCAMLC asmcomp/asmlink.cmo
  OCAMLC asmcomp/asmpackager.cmo
  OCAMLC driver/optcompile.cmo
  LINKC compilerlibs/ocamloptcomp.cma
  LINKC ocamlopt
make[3]: Leaving directory '/home/ubuntu/jsip-debugger'
make libraryopt
make[3]: Entering directory '/home/ubuntu/jsip-debugger'
make -C stdlib allopt
make[4]: Entering directory '/home/ubuntu/jsip-debugger/stdlib'
  OCAMLOPT camlinternalFormatBasics.cmx
  OCAMLOPT stdlib.cmx
  OCAMLOPT stdlib__Either.cmx
  OCAMLOPT stdlib__Sys.cmx
  OCAMLOPT stdlib__Atomic.cmx
  OCAMLOPT stdlib__Pair.cmx
  OCAMLOPT stdlib__Bool.cmx
  OCAMLOPT stdlib__Char.cmx
  OCAMLOPT stdlib__Unit.cmx
  OCAMLOPT stdlib__Int64.cmx
  OCAMLOPT stdlib__Repr.cmx
  OCAMLOPT stdlib__Mutex.cmx
  OCAMLOPT std_exit.cmx
  OCAMLOPT stdlib__Condition.cmx
  OCAMLOPT stdlib__Semaphore.cmx
  OCAMLOPT stdlib__Int32.cmx
  OCAMLOPT stdlib__Int.cmx
  OCAMLOPT stdlib__Uchar.cmx
  OCAMLOPT stdlib__Obj.cmx
  OCAMLOPT stdlib__Nativeint.cmx
  OCAMLOPT stdlib__Type.cmx
  OCAMLOPT camlinternalLazy.cmx
  OCAMLOPT stdlib__Callback.cmx
  OCAMLOPT stdlib__Lazy.cmx
  OCAMLOPT stdlib__Seq.cmx
  OCAMLOPT stdlib__Option.cmx
  OCAMLOPT stdlib__Result.cmx
  OCAMLOPT stdlib__List.cmx
  OCAMLOPT stdlib__Array.cmx
  OCAMLOPT stdlib__Bytes.cmx
  OCAMLOPT stdlib__Queue.cmx
  OCAMLOPT stdlib__Iarray.cmx
  OCAMLOPT stdlib__ArrayLabels.cmx
  OCAMLOPT stdlib__Float.cmx
  OCAMLOPT stdlib__Set.cmx
  OCAMLOPT stdlib__Map.cmx
  OCAMLOPT stdlib__Stack.cmx
  OCAMLOPT stdlib__ListLabels.cmx
  OCAMLOPT stdlib__String.cmx
  OCAMLOPT stdlib__Marshal.cmx
  OCAMLOPT stdlib__Lexing.cmx
  OCAMLOPT stdlib__BytesLabels.cmx
  OCAMLOPT stdlib__Parsing.cmx
  OCAMLOPT stdlib__Complex.cmx
  OCAMLOPT stdlib__Bigarray.cmx
  OCAMLOPT stdlib__Buffer.cmx
  OCAMLOPT camlinternalOO.cmx
  OCAMLOPT stdlib__StringLabels.cmx
  OCAMLOPT stdlib__StdLabels.cmx
  OCAMLOPT camlinternalFormat.cmx
  OCAMLOPT stdlib__Oo.cmx
  OCAMLOPT camlinternalMod.cmx
  OCAMLOPT stdlib__Printf.cmx
  OCAMLOPT stdlib__Arg.cmx
  OCAMLOPT stdlib__Printexc.cmx
  OCAMLOPT stdlib__Scanf.cmx
  OCAMLOPT stdlib__Dynarray.cmx
  OCAMLOPT stdlib__Domain.cmx
  OCAMLOPT stdlib__Fun.cmx
  OCAMLOPT stdlib__Effect.cmx
  OCAMLOPT stdlib__In_channel.cmx
  OCAMLOPT stdlib__Out_channel.cmx
  OCAMLOPT stdlib__Gc.cmx
  OCAMLOPT stdlib__Digest.cmx
  OCAMLOPT stdlib__Random.cmx
  OCAMLOPT stdlib__Format.cmx
  OCAMLOPT stdlib__Pqueue.cmx
  OCAMLOPT stdlib__Hashtbl.cmx
  OCAMLOPT stdlib__Filename.cmx
  OCAMLOPT stdlib__Weak.cmx
  OCAMLOPT stdlib__Ephemeron.cmx
  OCAMLOPT stdlib__MoreLabels.cmx
  LINKOPT stdlib.cmxa
make[4]: Leaving directory '/home/ubuntu/jsip-debugger/stdlib'
make[3]: Leaving directory '/home/ubuntu/jsip-debugger'
make[2]: Leaving directory '/home/ubuntu/jsip-debugger'
make ocamlc.opt
make[2]: Entering directory '/home/ubuntu/jsip-debugger'
  OCAMLOPT utils/config.cmx
  OCAMLOPT utils/build_path_prefix_map.cmx
  OCAMLOPT utils/format_doc.cmx
  OCAMLOPT utils/arg_helper.cmx
  OCAMLOPT utils/local_store.cmx
  OCAMLOPT utils/terminfo.cmx
  OCAMLOPT utils/int_replace_polymorphic_compare.cmx
  OCAMLOPT utils/domainstate.cmx
  OCAMLOPT utils/binutils.cmx
  OCAMLOPT utils/lazy_backtrack.cmx
  OCAMLOPT utils/stable_matching.cmx
  OCAMLOPT utils/compression.cmx
  OCAMLOPT parsing/camlinternalMenhirLib.cmx
  OCAMLOPT lambda/switch.cmx
  OCAMLOPT lambda/runtimedef.cmx
  OCAMLOPT bytecomp/opcodes.cmx
cd  stdlib && ln -sf  ../runtime/libcomprmarsh.a .
  OCAMLOPT bytecomp/opnames.cmx
  OCAMLOPT bytecomp/bytesections.cmx
  OCAMLOPT utils/misc.cmx
  OCAMLOPT utils/identifiable.cmx
  OCAMLOPT utils/load_path.cmx
  OCAMLOPT utils/warnings.cmx
  OCAMLOPT utils/consistbl.cmx
  OCAMLOPT utils/linkdeps.cmx
  OCAMLOPT utils/targetint.cmx
  OCAMLOPT utils/diffing.cmx
  OCAMLOPT bytecomp/dll.cmx
  OCAMLOPT bytecomp/byterntm.cmx
  OCAMLOPT utils/diffing_with_keys.cmx
  OCAMLOPT utils/numbers.cmx
  OCAMLOPT utils/clflags.cmx
  OCAMLOPT utils/strongly_connected_components.cmx
  OCAMLOPT utils/profile.cmx
  OCAMLOPT parsing/location.cmx
  OCAMLOPT typing/ident.cmx
  OCAMLOPT utils/ccomp.cmx
  OCAMLOPT parsing/unit_info.cmx
  OCAMLOPT parsing/asttypes.cmx
  OCAMLOPT parsing/longident.cmx
  OCAMLOPT parsing/docstrings.cmx
  OCAMLOPT parsing/syntaxerr.cmx
  OCAMLOPT driver/compenv.cmx
  OCAMLOPT driver/errors.cmx
  OCAMLOPT lambda/debuginfo.cmx
  OCAMLOPT parsing/ast_iterator.cmx
  OCAMLOPT parsing/ast_helper.cmx
  OCAMLOPT driver/main_args.cmx
  OCAMLOPT parsing/builtin_attributes.cmx
  OCAMLOPT parsing/ast_mapper.cmx
  OCAMLOPT parsing/parser.cmx
  OCAMLOPT parsing/attr_helper.cmx
  OCAMLOPT parsing/depend.cmx
  OCAMLOPT typing/type_immediacy.cmx
  OCAMLOPT typing/primitive.cmx
  OCAMLOPT parsing/lexer.cmx
  OCAMLOPT parsing/pprintast.cmx
  OCAMLOPT typing/path.cmx
  OCAMLOPT typing/shape.cmx
  OCAMLOPT typing/types.cmx
  OCAMLOPT typing/data_types.cmx
  OCAMLOPT typing/gprinttyp.cmx
  OCAMLOPT typing/btype.cmx
  OCAMLOPT typing/typing_recovery.cmx
  OCAMLOPT file_formats/cmi_format.cmx
  OCAMLOPT typing/errortrace.cmx
  OCAMLOPT typing/persistent_env.cmx
  OCAMLOPT typing/subst.cmx
  OCAMLOPT typing/predef.cmx
  OCAMLOPT typing/datarepr.cmx
  OCAMLOPT typing/signature_group.cmx
  OCAMLOPT parsing/parse.cmx
  OCAMLOPT parsing/printast.cmx
  OCAMLOPT typing/rawprinttyp.cmx
  OCAMLOPT typing/oprint.cmx
  OCAMLOPT typing/env.cmx
  OCAMLOPT parsing/ast_invariants.cmx
  OCAMLOPT driver/pparse.cmx
  OCAMLOPT driver/makedepend.cmx
  OCAMLOPT typing/typedtree.cmx
  OCAMLOPT typing/ctype.cmx
  OCAMLOPT typing/shape_reduce.cmx
  OCAMLOPT typing/typedecl_properties.cmx
  OCAMLOPT lambda/lambda.cmx
  OCAMLOPT typing/printtyped.cmx
  OCAMLOPT typing/tast_iterator.cmx
  OCAMLOPT typing/tast_mapper.cmx
  OCAMLOPT typing/untypeast.cmx
  OCAMLOPT typing/printpat.cmx
  OCAMLOPT lambda/value_rec_compiler.cmx
  OCAMLOPT lambda/translobj.cmx
  OCAMLOPT lambda/translattribute.cmx
  OCAMLOPT lambda/tmc.cmx
  OCAMLOPT bytecomp/instruct.cmx
  OCAMLOPT bytecomp/meta.cmx
  OCAMLOPT bytecomp/symtable.cmx
  OCAMLOPT lambda/simplif.cmx
  OCAMLOPT file_formats/cmt_format.cmx
  OCAMLOPT typing/typing_recovery_state.cmx
  OCAMLOPT typing/out_type.cmx
  OCAMLOPT typing/mtype.cmx
  OCAMLOPT typing/patterns.cmx
  OCAMLOPT typing/typedecl_variance.cmx
  OCAMLOPT typing/typedecl_unboxed.cmx
  OCAMLOPT typing/typedecl_separability.cmx
  OCAMLOPT typing/typedecl_immediacy.cmx
  OCAMLOPT typing/typeopt.cmx
  OCAMLOPT typing/parmatch.cmx
  OCAMLOPT typing/value_rec_check.cmx
  OCAMLOPT typing/printtyp.cmx
  OCAMLOPT typing/errortrace_report.cmx
  OCAMLOPT typing/envaux.cmx
  OCAMLOPT typing/stypes.cmx
  OCAMLOPT lambda/printlambda.cmx
  OCAMLOPT typing/cmt2annot.cmx
  OCAMLOPT lambda/matching.cmx
  OCAMLOPT bytecomp/printinstr.cmx
  OCAMLOPT typing/includeclass.cmx
  OCAMLOPT typing/includecore.cmx
  OCAMLOPT typing/typetexp.cmx
  OCAMLOPT typing/includemod.cmx
  OCAMLOPT typing/typedecl.cmx
  OCAMLOPT typing/typecore.cmx
  OCAMLOPT typing/signature_matching.cmx
  OCAMLOPT typing/includemod_errorprinter.cmx
  OCAMLOPT lambda/translprim.cmx
  OCAMLOPT bytecomp/bytegen.cmx
  OCAMLOPT typing/typeclass.cmx
  OCAMLOPT lambda/translcore.cmx
  OCAMLOPT lambda/translclass.cmx
  OCAMLOPT typing/typemod.cmx
  OCAMLOPT lambda/translmod.cmx
  OCAMLOPT bytecomp/emitcode.cmx
  OCAMLOPT bytecomp/bytelink.cmx
  OCAMLOPT bytecomp/bytelibrarian.cmx
  OCAMLOPT driver/compmisc.cmx
  OCAMLOPT bytecomp/bytepackager.cmx
  OCAMLOPT driver/compile_common.cmx
  LINKOPT compilerlibs/ocamlcommon.cmxa
  OCAMLOPT driver/compile.cmx
  OCAMLOPT driver/maindriver.cmx
  LINKOPT compilerlibs/ocamlbytecomp.cmxa
  OCAMLOPT driver/main.cmx
  LINKOPT ocamlc.opt
make[2]: Leaving directory '/home/ubuntu/jsip-debugger'
make otherlibraries ocamldebug ocamldoc \
  ocamltest
make[2]: Entering directory '/home/ubuntu/jsip-debugger'
make lex-all
  OCAMLC otherlibs/dynlink/dynlink_config.cmi
make[3]: Entering directory '/home/ubuntu/jsip-debugger'
  OCAMLC otherlibs/dynlink/dynlink_types.cmi
  OCAMLC otherlibs/dynlink/dynlink_cmo_format.cmi
  OCAMLC otherlibs/dynlink/dynlink.cmi
  OCAMLC debugger/int64ops.cmi
  OCAMLC otherlibs/unix/unix.cmi
  OCAMLC debugger/debugger_config.cmi
  OCAMLC debugger/parameters.cmi
  OCAMLLEX debugger/debugger_lexer.ml
  OCAMLYACC debugger/debugger_parser.mli
  OCAMLC debugger/question.cmi
  OCAMLC debugger/exec.cmi
  OCAMLC debugger/source.cmi
  OCAMLC debugger/events.cmi
  OCAMLC debugger/history.cmi
  OCAMLC debugger/show_source.cmi
  OCAMLC debugger/program_management.cmi
  OCAMLC debugger/loadprinter.cmi
  OCAMLC debugger/command_line.cmi
  OCAMLC debugger/main.cmi
  OCAMLC debugger/ocamldebug_entry.cmi
  OCAMLC ocamldoc/odoc_config.cmi
  OCAMLC ocamldoc/odoc_messages.cmi
  OCAMLC ocamldoc/odoc_types.cmi
  OCAMLYACC ocamldoc/odoc_text_parser.mli
  OCAMLC ocamldoc/odoc_name.cmi
  OCAMLC ocamldoc/odoc_print.cmi
  OCAMLC ocamldoc/odoc_comments_global.cmi
  OCAMLYACC ocamldoc/odoc_parser.mli
  OCAMLC otherlibs/str/str.cmi
  OCAMLLEX ocamldoc/odoc_text_lexer.ml
  OCAMLLEX ocamldoc/odoc_lexer.ml
  OCAMLLEX ocamldoc/odoc_see_lexer.ml
ocamllex warning [missing-case]:
File "ocamldoc/odoc_see_lexer.mll", lines 64-69, characters 10-7: rule "url" is not exhaustive.
Here is an example of nonmatching input:
""
Hint: consider adding '| "" { ... }'
ocamllex warning [missing-case]:
File "ocamldoc/odoc_see_lexer.mll", lines 72-77, characters 10-7: rule "doc" is not exhaustive.
Here is an example of nonmatching input:
""
Hint: consider adding '| "" { ... }'
ocamllex warning [missing-case]:
File "ocamldoc/odoc_see_lexer.mll", lines 79-84, characters 11-7: rule "file" is not exhaustive.
Here is an example of nonmatching input:
""
Hint: consider adding '| "" { ... }'
  OCAMLC ocamldoc/odoc_ocamlhtml.cmi
  OCAMLLEX ocamldoc/odoc_ocamlhtml.ml
  OCAMLC ocamldoc/odoc_latex_style.cmi
  OCAMLC ocamldoc/odoc.cmi
  OCAMLC ocamldoc/odoc_test.cmi
ocamllex warning [missing-case]:
File "ocamldoc/odoc_lexer.mll", lines 192-259, characters 22-7: rule "special_comment" is not exhaustive.
Here is an example of nonmatching input:
""
Hint: consider adding '| "" { ... }'
ocamllex warning [missing-case]:
File "ocamldoc/odoc_lexer.mll", lines 261-306, characters 28-7: rule "special_comment_part2" is not exhaustive.
Here is an example of nonmatching input:
""
Hint: consider adding '| "" { ... }'
mkdir -p .dep/ocamltest
  OCAMLC ocamltest/ocamltest_config.cmi
./config.status ocamltest/ocamltest_unix.ml
  OCAMLC ocamltest/ocamltest_unix.cmi
  OCAMLC ocamltest/ocamltest_stdlib.cmi
  OCAMLC ocamltest/run_command.cmi
  OCAMLC ocamltest/filecompare.cmi
  OCAMLC ocamltest/variables.cmi
  OCAMLC ocamltest/test_result.cmi
  OCAMLC ocamltest/tsl_ast.cmi
  OCAMLYACC ocamltest/tsl_parser.mli
make[3]: Nothing to be done for 'lex-all'.
make[3]: Leaving directory '/home/ubuntu/jsip-debugger'
  OCAMLLEX ocamltest/tsl_lexer.ml
  OCAMLC ocamltest/ocaml_backends.cmi
  OCAMLC ocamltest/ocaml_directories.cmi
  OCAMLC ocamltest/ocaml_files.cmi
  OCAMLC ocamltest/ocaml_commands.cmi
ocamllex warning [missing-case]:
File "ocamltest/tsl_lexer.mll", lines 114-126, characters 17-9: rule "string" is not exhaustive.
Here is an example of nonmatching input:
""
Hint: consider adding '| "" { ... }'
ocamllex warning [missing-case]:
File "ocamltest/tsl_lexer.mll", lines 160-168, characters 15-55: rule "modifier" is not exhaustive.
Here is an example of nonmatching input:
""
Hint: consider adding '| "" { ... }'
  OCAMLC ocamltest/debugger_flags.cmi
  OCAMLC ocamltest/options.cmi
  OCAMLC ocamltest/main.cmi
  OCAMLC testsuite/lib/lib.cmi
  OCAMLC testsuite/lib/testing.cmi
  OCAMLC testsuite/tools/expect.cmi
make tools-all
  OCAMLC otherlibs/dynlink/dynlink_platform_intf.cmi
  OCAMLC otherlibs/dynlink/byte/dynlink_symtable.cmi
cp otherlibs/dynlink/dynlink.cmi otherlibs/dynlink/dynlink.mli otherlibs/dynlink/byte/
make[3]: Entering directory '/home/ubuntu/jsip-debugger'
  OCAMLC otherlibs/dynlink/dynlink_config.cmo
  OCAMLC otherlibs/dynlink/dynlink_types.cmo
  OCAMLC debugger/int64ops.cmo
  OCAMLC debugger/primitives.cmi
  OCAMLC debugger/unix_tools.cmi
  OCAMLC debugger/debugger_config.cmo
  OCAMLC debugger/parameters.cmo
  OCAMLC debugger/exec.cmo
  OCAMLC debugger/pos.cmi
  OCAMLC debugger/events.cmo
  OCAMLC debugger/frames.cmi
  OCAMLC debugger/show_information.cmi
  OCAMLC debugger/loadprinter.cmo
  OCAMLC ocamldoc/odoc_global.cmi
  OCAMLC ocamldoc/odoc_misc.cmi
  OCAMLC ocamldoc/odoc_text_parser.cmi
  OCAMLC ocamldoc/odoc_text.cmi
  OCAMLC ocamldoc/odoc_parameter.cmi
  OCAMLC ocamldoc/odoc_type.cmi
  OCAMLC ocamldoc/odoc_parser.cmi
  OCAMLC ocamldoc/odoc_env.cmi
  OCAMLC ocamldoc/odoc_config.cmo
  OCAMLC ocamldoc/odoc_messages.cmo
  OCAMLC ocamldoc/odoc_types.cmo
  OCAMLC ocamldoc/odoc_print.cmo
  OCAMLC ocamldoc/odoc_comments_global.cmo
  OCAMLC ocamldoc/odoc_ocamlhtml.cmo
  OCAMLC ocamldoc/odoc_latex_style.cmo
  CC ocamltest/run_unix.b.o
  CC ocamltest/run_stubs.b.o
  OCAMLC ocamltest/ocamltest_config.cmo
  OCAMLC ocamltest/variables.cmo
  OCAMLC ocamltest/environments.cmi
  OCAMLC ocamltest/test_result.cmo
  OCAMLC ocamltest/strace.cmi
  OCAMLC ocamltest/tsl_ast.cmo
  OCAMLC ocamltest/tsl_printer.cmi
  OCAMLC ocamltest/tsl_parser.cmi
  OCAMLC ocamltest/builtin_variables.cmi
  OCAMLC ocamltest/ocaml_backends.cmo
  OCAMLC ocamltest/ocaml_filetypes.cmi
  OCAMLC ocamltest/ocaml_variables.cmi
  OCAMLC ocamltest/ocaml_commands.cmo
  OCAMLC ocamltest/debugger_flags.cmo
  OCAMLC ocamltest/debugger_variables.cmi
  OCAMLC debugger/pos.cmo
  OCAMLC debugger/primitives.cmo
  OCAMLC debugger/debugcom.cmi
  OCAMLC debugger/input_handling.cmi
  OCAMLC debugger/source.cmo
  OCAMLC debugger/program_loading.cmi
  OCAMLC debugger/show_source.cmo
  OCAMLC debugger/time_travel.cmi
  OCAMLC ocamldoc/odoc_global.cmo
  OCAMLC otherlibs/dynlink/dynlink_common.cmi
  OCAMLC otherlibs/dynlink/dynlink_platform_intf.cmo
  OCAMLC otherlibs/dynlink/byte/dynlink_symtable.cmo
  OCAMLC ocamldoc/odoc_text_lexer.cmi
  OCAMLC ocamltest/builtin_variables.cmo
  OCAMLC debugger/unix_tools.cmo
  OCAMLC ocamldoc/odoc_env.cmo
  OCAMLC ocamldoc/odoc_lexer.cmi
  OCAMLC ocamldoc/odoc_see_lexer.cmi
  OCAMLC ocamldoc/odoc_parser.cmo
  OCAMLC ocamltest/tsl_parser.cmo
  OCAMLC ocamltest/tsl_lexer.cmi
  OCAMLC ocamltest/ocaml_directories.cmo
  OCAMLC ocamltest/ocaml_files.cmo
  OCAMLC ocamltest/ocaml_flags.cmi
  OCAMLC ocamltest/ocaml_tools.cmi
  OCAMLC ocamltest/debugger_variables.cmo
  OCAMLC debugger/input_handling.cmo
  OCAMLC ocamldoc/odoc_value.cmi
  OCAMLC ocamldoc/odoc_extension.cmi
  OCAMLC ocamldoc/odoc_exception.cmi
  OCAMLC ocamldoc/odoc_misc.cmo
  OCAMLC ocamldoc/odoc_text_parser.cmo
  OCAMLC ocamldoc/odoc_name.cmo
  OCAMLC ocamldoc/odoc_parameter.cmo
  OCAMLC ocamldoc/odoc_type.cmo
  OCAMLC ocamltest/ocamltest_stdlib.cmo
  OCAMLC ocamltest/run_command.cmo
  OCAMLC ocamltest/filecompare.cmo
  OCAMLC ocamltest/environments.cmo
  OCAMLC ocamltest/actions.cmi
  OCAMLC ocamltest/strace.cmo
  OCAMLC ocamltest/tsl_printer.cmo
  OCAMLC ocamltest/modifier_parser.cmi
  OCAMLC ocamltest/ocaml_filetypes.cmo
  OCAMLC ocamltest/ocaml_variables.cmo
  OCAMLC ocamltest/ocaml_modifiers.cmi
  OCAMLC testsuite/lib/testing.cmo
  OCAMLC otherlibs/dynlink/dynlink_common.cmo
  OCAMLC otherlibs/dynlink/byte/dynlink.cmo
  OCAMLC debugger/program_loading.cmo
  OCAMLC ocamldoc/odoc_text_lexer.cmo
  OCAMLC ocamldoc/odoc_text.cmo
  OCAMLC testsuite/lib/lib.cmo
  OCAMLC debugger/parser_aux.cmi
  OCAMLC debugger/debugcom.cmo
  OCAMLC debugger/checkpoints.cmi
  OCAMLC debugger/symbols.cmi
  OCAMLC debugger/breakpoints.cmi
  OCAMLC debugger/trap_barrier.cmi
  OCAMLC ocamldoc/odoc_lexer.cmo
  OCAMLC ocamldoc/odoc_see_lexer.cmo
  OCAMLC ocamltest/tsl_lexer.cmo
  OCAMLC ocamltest/ocaml_flags.cmo
  OCAMLC ocamltest/ocaml_compilers.cmi
  OCAMLC ocamldoc/odoc_exception.cmo
  OCAMLC ocamltest/ocaml_modifiers.cmo
  OCAMLC ocamldoc/odoc_extension.cmo
  OCAMLC ocamltest/modifier_parser.cmo
  OCAMLC ocamldoc/odoc_class.cmi
  OCAMLC ocamldoc/odoc_value.cmo
  OCAMLC ocamltest/actions.cmo
  OCAMLC ocamltest/tests.cmi
  OCAMLC ocamltest/actions_helpers.cmi
  OCAMLC ocamltest/builtin_actions.cmi
  OCAMLC ocamltest/ocaml_actions.cmi
  OCAMLC ocamltest/debugger_actions.cmi
  OCAMLC debugger/debugger_parser.cmi
  OCAMLC debugger/printval.cmi
  OCAMLC debugger/program_management.cmo
  OCAMLC debugger/frames.cmo
  OCAMLC debugger/eval.cmi
  OCAMLC debugger/main.cmo
  OCAMLC debugger/checkpoints.cmo
  OCAMLC debugger/symbols.cmo
  OCAMLC debugger/breakpoints.cmo
  OCAMLC debugger/trap_barrier.cmo
  OCAMLC debugger/history.cmo
  OCAMLC debugger/time_travel.cmo
  OCAMLC ocamltest/ocaml_compilers.cmo
  OCAMLC ocamltest/ocaml_toplevels.cmi
  OCAMLC testsuite/tools/expect.cmo
  OCAMLC ocamltest/tests.cmo
  OCAMLC ocamltest/tsl_semantics.cmi
  OCAMLC ocamltest/tsl_query.cmi
  OCAMLC ocamltest/ocaml_tests.cmi
  OCAMLC ocamltest/options.cmo
  OCAMLC ocamltest/actions_helpers.cmo
  OCAMLC ocamltest/builtin_actions.cmo
  OCAMLC ocamltest/ocaml_tools.cmo
  OCAMLC ocamltest/debugger_actions.cmo
  OCAMLC ocamldoc/odoc_module.cmi
  OCAMLC ocamldoc/odoc_str.cmi
  OCAMLC ocamldoc/odoc_class.cmo
  OCAMLC ocamltest/ocaml_toplevels.cmo
  OCAMLC ocamltest/ocaml_actions.cmo
  OCAMLC debugger/debugger_lexer.cmi
  OCAMLC debugger/debugger_parser.cmo
  OCAMLC debugger/printval.cmo
  OCAMLC debugger/show_information.cmo
  OCAMLC ocamltest/ocaml_tests.cmo
  OCAMLC debugger/eval.cmo
config.status: linking ocamltest/ocamltest_unix_real.ml to ocamltest/ocamltest_unix.ml
  OCAMLC ocamltest/tsl_semantics.cmo
  OCAMLC ocamltest/tsl_query.cmo
  OCAMLC ocamltest/main.cmo
  OCAMLC ocamltest/ocamltest_unix.cmo
  OCAMLC ocamldoc/odoc_str.cmo
  OCAMLC debugger/debugger_lexer.cmo
  OCAMLC debugger/question.cmo
  OCAMLC debugger/command_line.cmo
  LINKC otherlibs/dynlink/dynlink.cma
  OCAMLC ocamldoc/odoc_merge.cmi
  OCAMLC ocamldoc/odoc_sig.cmi
  OCAMLC ocamldoc/odoc_search.cmi
  OCAMLC ocamldoc/odoc_scan.cmi
  OCAMLC ocamldoc/odoc_cross.cmi
  OCAMLC ocamldoc/odoc_comments.cmi
  OCAMLC ocamldoc/odoc_dep.cmi
  OCAMLC ocamldoc/odoc_analyse.cmi
  OCAMLC ocamldoc/odoc_module.cmo
  LINKC testsuite/lib/testing.cma
  OCAMLC ocamldoc/odoc_merge.cmo
  OCAMLC ocamldoc/odoc_comments.cmo
  OCAMLC ocamldoc/odoc_scan.cmo
  OCAMLC ocamldoc/odoc_dep.cmo
  OCAMLC ocamldoc/odoc_info.cmi
  OCAMLC ocamldoc/odoc_search.cmo
  OCAMLC ocamldoc/odoc_cross.cmo
  OCAMLC ocamldoc/odoc_ast.cmi
  OCAMLC ocamldoc/odoc_sig.cmo
  OCAMLC ocamldoc/odoc_ast.cmo
  OCAMLC ocamldoc/odoc_analyse.cmo
  OCAMLC ocamldoc/odoc_info.cmo
  OCAMLC ocamldoc/odoc_dag2html.cmi
  OCAMLC ocamldoc/odoc_to_text.cmi
  OCAMLC ocamldoc/odoc_man.cmi
  OCAMLC ocamldoc/odoc_latex.cmi
  OCAMLC ocamldoc/odoc_texi.cmi
  OCAMLC ocamldoc/odoc_dot.cmi
  OCAMLC ocamldoc/odoc_dag2html.cmo
  OCAMLC ocamldoc/odoc_html.cmi
  OCAMLC ocamldoc/odoc_dot.cmo
  OCAMLC ocamldoc/odoc_to_text.cmo
make[3]: Nothing to be done for 'tools-all'.
make[3]: Leaving directory '/home/ubuntu/jsip-debugger'
make -C otherlibs all
make[3]: Entering directory '/home/ubuntu/jsip-debugger/otherlibs'
for lib in runtime_events unix str systhreads; do (make -C $lib all) || exit $?; done
make[4]: Entering directory '/home/ubuntu/jsip-debugger/otherlibs/runtime_events'
mkdir -p .dep
  OCAMLC runtime_events.cmi
  CC runtime_events_consumer.b.o
  OCAMLC ocamldoc/odoc_man.cmo
  CC runtime_events_consumer.n.o
  OCAMLC runtime_events.cmo
  OCAMLC ocamldoc/odoc_texi.cmo
  OCAMLC debugger/ocamldebug.cmo
  OCAMLMKLIB runtime_events.cma
  OCAMLC ocamldoc/odoc_latex.cmo
  OCAMLC ocamldoc/odoc_html.cmo
  OCAMLC ocamldoc/odoc_gen.cmi
  OCAMLC debugger/ocamldebug_entry.cmo
  OCAMLC ocamldoc/odoc_gen.cmo
  OCAMLC ocamldoc/odoc_args.cmi
  LINKC ocamldoc/odoc_info.cma
  OCAMLC ocamldoc/odoc_args.cmo
  OCAMLC ocamldoc/odoc.cmo
  OCAMLC ocamldoc/odoc_test.cmo
  LINKC testsuite/tools/expect
  OCAMLMKLIB libcamlruntime_eventsbyt.a
make[4]: Leaving directory '/home/ubuntu/jsip-debugger/otherlibs/runtime_events'
make[4]: Entering directory '/home/ubuntu/jsip-debugger/otherlibs/unix'
mkdir -p .dep
  OCAMLC unix.cmo
  OCAMLC unixLabels.cmi
  CC access.b.o
  CC addrofstr.b.o
  CC chdir.b.o
  CC chmod.b.o
  CC cst2constr.b.o
  CC cstringv.b.o
  CC execv.b.o
  CC execve.b.o
  CC execvp.b.o
  CC fsync.b.o
  CC mkdir.b.o
  CC exit.b.o
  CC getaddrinfo.b.o
  CC getcwd.b.o
  CC gethost.b.o
  CC gethostname.b.o
  CC getnameinfo.b.o
  CC getproto.b.o
  CC getserv.b.o
  CC gmtime.b.o
  CC mmap_ba.b.o
  CC putenv.b.o
  CC rename.b.o
  CC rmdir.b.o
  CC socketaddr.b.o
  CC strofaddr.b.o
  CC time.b.o
  CC unlink.b.o
  CC accept_unix.b.o
  CC bind_unix.b.o
  CC channels_unix.b.o
  CC close_unix.b.o
  CC connect_unix.b.o
  CC dup_unix.b.o
  CC envir_unix.b.o
  CC errmsg_unix.b.o
  CC getpeername_unix.b.o
  CC getpid_unix.b.o
  CC getsockname_unix.b.o
  CC gettimeofday_unix.b.o
  CC isatty_unix.b.o
  CC link_unix.b.o
  CC listen_unix.b.o
  CC lockf_unix.b.o
  CC lseek_unix.b.o
  CC mmap_unix.b.o
  CC open_unix.b.o
  CC pipe_unix.b.o
  CC read_unix.b.o
  CC readlink_unix.b.o
  CC realpath_unix.b.o
  CC select_unix.b.o
  CC sendrecv_unix.b.o
  CC shutdown_unix.b.o
  CC sleep_unix.b.o
  CC socket_unix.b.o
  CC socketpair_unix.b.o
  CC sockopt_unix.b.o
  CC stat_unix.b.o
  CC symlink_unix.b.o
  CC times_unix.b.o
  CC truncate_unix.b.o
  CC unixsupport_unix.b.o
  CC utimes_unix.b.o
  CC write_unix.b.o
  CC alarm.b.o
  CC chown.b.o
  CC chroot.b.o
  CC closedir.b.o
  CC dup2.b.o
  CC fchmod.b.o
  CC fchown.b.o
  CC fcntl.b.o
  CC fork.b.o
  CC ftruncate.b.o
  CC getegid.b.o
  CC geteuid.b.o
  CC getgid.b.o
  CC getgr.b.o
  CC getgroups.b.o
  CC getlogin.b.o
  CC getppid.b.o
  CC getpw.b.o
  CC getuid.b.o
  CC initgroups.b.o
  CC itimer.b.o
  CC kill.b.o
  CC mkfifo.b.o
  CC nice.b.o
  CC opendir.b.o
  CC readdir.b.o
  CC rewinddir.b.o
  CC setgid.b.o
  CC setgroups.b.o
  CC setsid.b.o
  CC setuid.b.o
  CC signals.b.o
  CC spawn.b.o
  CC termios.b.o
  CC umask.b.o
  CC wait.b.o
  CC access.n.o
  CC addrofstr.n.o
  CC chdir.n.o
  CC chmod.n.o
  CC cst2constr.n.o
  CC cstringv.n.o
  CC execv.n.o
  CC execve.n.o
  CC execvp.n.o
  CC fsync.n.o
  CC mkdir.n.o
  CC exit.n.o
  CC getaddrinfo.n.o
  CC getcwd.n.o
  CC gethost.n.o
  CC gethostname.n.o
  CC getnameinfo.n.o
  CC getproto.n.o
  CC getserv.n.o
  CC gmtime.n.o
  CC mmap_ba.n.o
  CC putenv.n.o
  CC rename.n.o
  CC rmdir.n.o
  CC socketaddr.n.o
  CC strofaddr.n.o
  CC time.n.o
  CC unlink.n.o
  CC accept_unix.n.o
  CC bind_unix.n.o
  CC channels_unix.n.o
  CC close_unix.n.o
  CC connect_unix.n.o
  CC dup_unix.n.o
  CC envir_unix.n.o
  CC errmsg_unix.n.o
  CC getpeername_unix.n.o
  CC getpid_unix.n.o
  CC getsockname_unix.n.o
  CC gettimeofday_unix.n.o
  CC isatty_unix.n.o
  CC link_unix.n.o
  CC listen_unix.n.o
  CC lockf_unix.n.o
  CC lseek_unix.n.o
  CC mmap_unix.n.o
  CC open_unix.n.o
  CC pipe_unix.n.o
  CC read_unix.n.o
  CC readlink_unix.n.o
  CC realpath_unix.n.o
  CC select_unix.n.o
  CC sendrecv_unix.n.o
  CC shutdown_unix.n.o
  CC sleep_unix.n.o
  CC socket_unix.n.o
  CC socketpair_unix.n.o
  CC sockopt_unix.n.o
  CC stat_unix.n.o
  CC symlink_unix.n.o
  CC times_unix.n.o
  CC truncate_unix.n.o
  CC unixsupport_unix.n.o
  CC utimes_unix.n.o
  CC write_unix.n.o
  CC alarm.n.o
  CC chown.n.o
  CC chroot.n.o
  CC closedir.n.o
  CC dup2.n.o
  CC fchmod.n.o
  CC fchown.n.o
  CC fcntl.n.o
  CC fork.n.o
  CC ftruncate.n.o
  CC getegid.n.o
  CC geteuid.n.o
  CC getgid.n.o
  CC getgr.n.o
  CC getgroups.n.o
  CC getlogin.n.o
  CC getppid.n.o
  CC getpw.n.o
  CC getuid.n.o
  CC initgroups.n.o
  CC itimer.n.o
  CC kill.n.o
  CC mkfifo.n.o
  CC nice.n.o
  CC opendir.n.o
  CC readdir.n.o
  CC rewinddir.n.o
  CC setgid.n.o
  CC setgroups.n.o
  CC setsid.n.o
  CC setuid.n.o
  CC signals.n.o
  CC spawn.n.o
  CC termios.n.o
  CC umask.n.o
  CC wait.n.o
  OCAMLC unixLabels.cmo
  OCAMLMKLIB unix.cma
  OCAMLMKLIB libunixbyt.a
make[4]: Leaving directory '/home/ubuntu/jsip-debugger/otherlibs/unix'
make[4]: Entering directory '/home/ubuntu/jsip-debugger/otherlibs/str'
mkdir -p .dep
  OCAMLC str.cmo
  CC strstubs.b.o
  CC strstubs.n.o
  OCAMLMKLIB str.cma
  OCAMLMKLIB libcamlstrbyt.a
make[4]: Leaving directory '/home/ubuntu/jsip-debugger/otherlibs/str'
make[4]: Entering directory '/home/ubuntu/jsip-debugger/otherlibs/systhreads'
mkdir -p .dep
  OCAMLC thread.cmi
  OCAMLC event.cmi
  CC st_stubs.b.o
  OCAMLC thread.cmo
  OCAMLC event.cmo
  OCAMLMKLIB threads.cma
  OCAMLMKLIB libthreads.a
make[4]: Leaving directory '/home/ubuntu/jsip-debugger/otherlibs/systhreads'
make[3]: Leaving directory '/home/ubuntu/jsip-debugger/otherlibs'
  LINKC debugger/ocamldebug
  LINKC ocamldoc/ocamldoc
  LINKC ocamltest/ocamltest
make[2]: Leaving directory '/home/ubuntu/jsip-debugger'
make ocamlopt.opt
make[2]: Entering directory '/home/ubuntu/jsip-debugger'
  OCAMLOPT middle_end/internal_variable_names.cmx
  OCAMLOPT middle_end/linkage_name.cmx
  OCAMLOPT middle_end/backend_var.cmx
  OCAMLOPT middle_end/clambda_primitives.cmx
  OCAMLOPT middle_end/flambda/base_types/id_types.cmx
  OCAMLOPT middle_end/flambda/base_types/tag.cmx
  OCAMLOPT middle_end/flambda/base_types/static_exception.cmx
  OCAMLOPT middle_end/flambda/pass_wrapper.cmx
  OCAMLOPT middle_end/flambda/allocated_const.cmx
  OCAMLOPT asmcomp/arch.cmx
  OCAMLOPT driver/opterrors.cmx
  OCAMLOPT middle_end/printclambda_primitives.cmx
  OCAMLOPT middle_end/semantics_of_primitives.cmx
  OCAMLOPT middle_end/convert_primitives.cmx
  OCAMLOPT middle_end/clambda.cmx
  OCAMLOPT asmcomp/cmm.cmx
  OCAMLOPT middle_end/compilation_unit.cmx
  OCAMLOPT asmcomp/printcmm.cmx
  OCAMLOPT asmcomp/reg.cmx
  OCAMLOPT asmcomp/strmatch.cmx
  OCAMLOPT asmcomp/afl_instrument.cmx
  OCAMLOPT asmcomp/cmm_invariants.cmx
  OCAMLOPT middle_end/variable.cmx
  OCAMLOPT middle_end/flambda/base_types/export_id.cmx
  OCAMLOPT middle_end/flambda/base_types/set_of_closures_id.cmx
  OCAMLOPT middle_end/printclambda.cmx
  OCAMLOPT middle_end/flambda/base_types/set_of_closures_origin.cmx
  OCAMLOPT asmcomp/mach.cmx
  OCAMLOPT asmcomp/dataflow.cmx
  OCAMLOPT asmcomp/comballoc.cmx
  OCAMLOPT asmcomp/split.cmx
  OCAMLOPT asmcomp/reloadgen.cmx
  OCAMLOPT asmcomp/deadcode.cmx
  OCAMLOPT asmcomp/stackframegen.cmx
  OCAMLOPT asmcomp/linear.cmx
  OCAMLOPT middle_end/flambda/base_types/closure_element.cmx
  OCAMLOPT middle_end/symbol.cmx
  OCAMLOPT middle_end/flambda/base_types/mutable_variable.cmx
  OCAMLOPT middle_end/flambda/parameter.cmx
  OCAMLOPT file_formats/linear_format.cmx
  OCAMLOPT asmcomp/branch_relaxation.cmx
  OCAMLOPT asmcomp/polling.cmx
  OCAMLOPT asmcomp/stackframe.cmx
  OCAMLOPT middle_end/flambda/base_types/closure_id.cmx
  OCAMLOPT middle_end/flambda/base_types/var_within_closure.cmx
  OCAMLOPT asmcomp/reload.cmx
  OCAMLOPT asmcomp/linearize.cmx
  OCAMLOPT middle_end/flambda/closure_conversion_aux.cmx
  OCAMLOPT middle_end/flambda/base_types/closure_origin.cmx
  OCAMLOPT middle_end/flambda/projection.cmx
  OCAMLOPT middle_end/flambda/un_anf.cmx
  OCAMLOPT middle_end/flambda/flambda.cmx
  OCAMLOPT middle_end/flambda/flambda_iterators.cmx
  OCAMLOPT middle_end/flambda/effect_analysis.cmx
  OCAMLOPT middle_end/flambda/initialize_symbol_to_let_symbol.cmx
  OCAMLOPT middle_end/flambda/alias_analysis.cmx
  OCAMLOPT middle_end/flambda/remove_unused_program_constructs.cmx
  OCAMLOPT middle_end/flambda/flambda_utils.cmx
  OCAMLOPT middle_end/flambda/inlining_cost.cmx
  OCAMLOPT middle_end/flambda/lift_code.cmx
  OCAMLOPT middle_end/flambda/share_constants.cmx
  OCAMLOPT middle_end/flambda/ref_to_variables.cmx
  OCAMLOPT middle_end/flambda/flambda_invariants.cmx
  OCAMLOPT middle_end/flambda/inlining_stats_types.cmx
  OCAMLOPT middle_end/flambda/inlining_stats.cmx
  OCAMLOPT middle_end/flambda/freshening.cmx
  OCAMLOPT middle_end/flambda/lift_let_to_initialize_symbol.cmx
  OCAMLOPT middle_end/flambda/find_recursive_functions.cmx
  OCAMLOPT middle_end/flambda/invariant_params.cmx
  OCAMLOPT middle_end/flambda/inconstant_idents.cmx
  OCAMLOPT middle_end/flambda/remove_unused_closure_vars.cmx
  OCAMLOPT middle_end/flambda/remove_free_vars_equal_to_args.cmx
  OCAMLOPT middle_end/flambda/closure_offsets.cmx
  OCAMLOPT middle_end/flambda/remove_unused_arguments.cmx
  OCAMLOPT middle_end/flambda/simple_value_approx.cmx
  OCAMLOPT middle_end/flambda/export_info.cmx
  OCAMLOPT middle_end/flambda/lift_constants.cmx
  OCAMLOPT middle_end/flambda/simplify_common.cmx
  OCAMLOPT middle_end/flambda/inline_and_simplify_aux.cmx
  OCAMLOPT middle_end/flambda/simplify_boxed_integer_ops.cmx
  OCAMLOPT middle_end/flambda/simplify_primitives.cmx
  OCAMLOPT middle_end/flambda/export_info_for_pack.cmx
  OCAMLOPT middle_end/compilenv.cmx
  OCAMLOPT middle_end/flambda/traverse_for_exported_symbols.cmx
  OCAMLOPT middle_end/flambda/extract_projections.cmx
  OCAMLOPT middle_end/flambda/augment_specialised_args.cmx
  OCAMLOPT middle_end/flambda/inlining_transforms.cmx
  OCAMLOPT middle_end/flambda/unbox_free_vars_of_closures.cmx
  OCAMLOPT middle_end/closure/closure.cmx
  OCAMLOPT middle_end/flambda/import_approx.cmx
  OCAMLOPT middle_end/flambda/closure_conversion.cmx
  OCAMLOPT middle_end/flambda/build_export_info.cmx
  OCAMLOPT middle_end/flambda/flambda_to_clambda.cmx
  OCAMLOPT asmcomp/x86_proc.cmx
  OCAMLOPT asmcomp/cmmgen_state.cmx
  OCAMLOPT asmcomp/emitaux.cmx
  OCAMLOPT middle_end/flambda/inlining_decision.cmx
  OCAMLOPT middle_end/flambda/unbox_specialised_args.cmx
  OCAMLOPT middle_end/flambda/unbox_closures.cmx
  OCAMLOPT asmcomp/cmm_helpers.cmx
  OCAMLOPT asmcomp/x86_dsl.cmx
  OCAMLOPT asmcomp/x86_gas.cmx
  OCAMLOPT asmcomp/x86_masm.cmx
  OCAMLOPT asmcomp/proc.cmx
  OCAMLOPT asmcomp/interval.cmx
  OCAMLOPT asmcomp/selectgen.cmx
  OCAMLOPT asmcomp/CSEgen.cmx
  OCAMLOPT asmcomp/spill.cmx
  OCAMLOPT asmcomp/interf.cmx
  OCAMLOPT asmcomp/coloring.cmx
  OCAMLOPT asmcomp/schedgen.cmx
  OCAMLOPT middle_end/flambda/inline_and_simplify.cmx
  OCAMLOPT asmcomp/printmach.cmx
  OCAMLOPT asmcomp/linscan.cmx
  OCAMLOPT asmcomp/emit.cmx
  OCAMLOPT asmcomp/scheduling.cmx
  OCAMLOPT asmcomp/CSE.cmx
  OCAMLOPT asmcomp/liveness.cmx
  OCAMLOPT asmcomp/printlinear.cmx
  OCAMLOPT middle_end/closure/closure_middle_end.cmx
  OCAMLOPT asmcomp/selection.cmx
  OCAMLOPT middle_end/flambda/flambda_middle_end.cmx
  OCAMLOPT asmcomp/thread_sanitizer.cmx
  OCAMLOPT asmcomp/cmmgen.cmx
  OCAMLOPT asmcomp/asmgen.cmx
  OCAMLOPT asmcomp/asmlink.cmx
  OCAMLOPT driver/optcompile.cmx
  OCAMLOPT asmcomp/asmlibrarian.cmx
  OCAMLOPT asmcomp/asmpackager.cmx
  OCAMLOPT driver/optmaindriver.cmx
  LINKOPT compilerlibs/ocamloptcomp.cmxa
  OCAMLOPT driver/optmain.cmx
  LINKOPT ocamlopt.opt
make[2]: Leaving directory '/home/ubuntu/jsip-debugger'
make otherlibrariesopt
make[2]: Entering directory '/home/ubuntu/jsip-debugger'
cp otherlibs/dynlink/dynlink.cmi otherlibs/dynlink/dynlink.mli otherlibs/dynlink/native/
  OCAMLOPT otherlibs/dynlink/dynlink_config.cmx
  OCAMLOPT otherlibs/dynlink/dynlink_types.cmx
  OCAMLC otherlibs/dynlink/dynlink_cmxs_format.cmi
  OCAMLOPT otherlibs/dynlink/dynlink_platform_intf.cmx
  OCAMLOPT otherlibs/dynlink/dynlink_common.cmx
  OCAMLOPT otherlibs/dynlink/native/dynlink.cmx
  LINKOPT otherlibs/dynlink/dynlink.cmxa
make -C otherlibs allopt
make[3]: Entering directory '/home/ubuntu/jsip-debugger/otherlibs'
for lib in runtime_events unix str systhreads; do (make -C $lib allopt) || exit $?; done
make[4]: Entering directory '/home/ubuntu/jsip-debugger/otherlibs/runtime_events'
  OCAMLMKLIB libcamlruntime_eventsnat.a
  OCAMLOPT runtime_events.cmx
  OCAMLMKLIB runtime_events.cmxa
  OCAMLOPT runtime_events.cmxs
make[4]: Leaving directory '/home/ubuntu/jsip-debugger/otherlibs/runtime_events'
make[4]: Entering directory '/home/ubuntu/jsip-debugger/otherlibs/unix'
  OCAMLMKLIB libunixnat.a
  OCAMLOPT unix.cmx
  OCAMLOPT unixLabels.cmx
  OCAMLMKLIB unix.cmxa
  OCAMLOPT unix.cmxs
make[4]: Leaving directory '/home/ubuntu/jsip-debugger/otherlibs/unix'
make[4]: Entering directory '/home/ubuntu/jsip-debugger/otherlibs/str'
  OCAMLMKLIB libcamlstrnat.a
  OCAMLOPT str.cmx
  OCAMLMKLIB str.cmxa
  OCAMLOPT str.cmxs
make[4]: Leaving directory '/home/ubuntu/jsip-debugger/otherlibs/str'
make[4]: Entering directory '/home/ubuntu/jsip-debugger/otherlibs/systhreads'
  CC st_stubs.n.o
  OCAMLOPT thread.cmx
  OCAMLOPT event.cmx
  LINKOPT threads.cmxa
  OCAMLMKLIB libthreadsnat.a
make[4]: Leaving directory '/home/ubuntu/jsip-debugger/otherlibs/systhreads'
make[3]: Leaving directory '/home/ubuntu/jsip-debugger/otherlibs'
make[2]: Leaving directory '/home/ubuntu/jsip-debugger'
make ocamllex.opt ocamltoolsopt ocamltoolsopt.opt \
  ocamldoc.opt \
  ocamltest.opt othertools ocamlnat
make[2]: Entering directory '/home/ubuntu/jsip-debugger'
make lex-allopt
make tools-allopt
make[3]: Entering directory '/home/ubuntu/jsip-debugger'
make[3]: Entering directory '/home/ubuntu/jsip-debugger'
make -C otherlibs allopt
make[3]: Entering directory '/home/ubuntu/jsip-debugger/otherlibs'
for lib in runtime_events unix str systhreads; do (make -C $lib allopt) || exit $?; done
make[4]: Entering directory '/home/ubuntu/jsip-debugger/otherlibs/runtime_events'
  OCAMLOPT ocamldoc/odoc_config.cmx
  OCAMLOPT ocamldoc/odoc_messages.cmx
make[4]: Nothing to be done for 'allopt'.
make[4]: Leaving directory '/home/ubuntu/jsip-debugger/otherlibs/runtime_events'
make[4]: Entering directory '/home/ubuntu/jsip-debugger/otherlibs/unix'
  OCAMLOPT ocamldoc/odoc_print.cmx
  OCAMLOPT ocamldoc/odoc_comments_global.cmx
  OCAMLOPT ocamldoc/odoc_ocamlhtml.cmx
  OCAMLOPT ocamldoc/odoc_latex_style.cmx
make[4]: Nothing to be done for 'allopt'.
cd  otherlibs/dynlink && ln -sf  native/dynlink.cmx .
make[4]: Leaving directory '/home/ubuntu/jsip-debugger/otherlibs/unix'
make[4]: Entering directory '/home/ubuntu/jsip-debugger/otherlibs/str'
make lex-all
make[3]: Entering directory '/home/ubuntu/jsip-debugger'
make[4]: Nothing to be done for 'allopt'.
make[4]: Leaving directory '/home/ubuntu/jsip-debugger/otherlibs/str'
  CC ocamltest/run_unix.n.o
  CC ocamltest/run_stubs.n.o
  OCAMLOPT ocamltest/ocamltest_config.cmx
make[4]: Entering directory '/home/ubuntu/jsip-debugger/otherlibs/systhreads'
./config.status ocamltest/ocamltest_unix.ml
  OCAMLOPT ocamltest/variables.cmx
  OCAMLOPT ocamltest/test_result.cmx
  OCAMLOPT ocamltest/tsl_ast.cmx
make[4]: Nothing to be done for 'allopt'.
make[4]: Leaving directory '/home/ubuntu/jsip-debugger/otherlibs/systhreads'
make[3]: Leaving directory '/home/ubuntu/jsip-debugger/otherlibs'
  OCAMLOPT ocamltest/ocaml_backends.cmx
  OCAMLOPT testsuite/lib/testing.cmx
  ASM testsuite/tools/asmgen_amd64.o
  OCAMLC testsuite/tools/parsecmmaux.cmi
  OCAMLOPT tools/profiling.cmx
  OCAMLYACC testsuite/tools/parsecmm.mli
  OCAMLLEX testsuite/tools/lexcmm.ml
  OCAMLC testsuite/tools/codegen_main.cmi
  OCAMLC tools/ocamltex.cmi
  OCAMLC toplevel/native/tophooks.cmi
cp toplevel/topeval.cmi toplevel/topeval.mli toplevel/native
cp toplevel/trace.cmi toplevel/trace.mli toplevel/native
cp toplevel/topmain.cmi toplevel/topmain.mli toplevel/native
  OCAMLOPT toplevel/genprintval.cmx
  OCAMLOPT ocamltest/strace.cmx
  OCAMLOPT ocamltest/tsl_printer.cmx
  OCAMLOPT ocamltest/tsl_parser.cmx
  OCAMLOPT ocamltest/builtin_variables.cmx
  OCAMLOPT ocamltest/ocaml_filetypes.cmx
  OCAMLOPT ocamltest/debugger_variables.cmx
  OCAMLC testsuite/tools/parsecmm.cmi
  OCAMLOPT toplevel/native/trace.cmx
  OCAMLC testsuite/tools/parsecmmaux.cmo
make[3]: Nothing to be done for 'lex-all'.
make[3]: Leaving directory '/home/ubuntu/jsip-debugger'
make tools-all
make[3]: Entering directory '/home/ubuntu/jsip-debugger'
  OCAMLC tools/ocamltex.cmo
  OCAMLOPT ocamldoc/odoc_types.cmx
  OCAMLC testsuite/tools/parsecmm.cmo
  OCAMLC testsuite/tools/lexcmm.cmi
  OCAMLOPT ocamltest/tsl_lexer.cmx
  LINKOPT testsuite/lib/testing.cmxa
make[3]: Leaving directory '/home/ubuntu/jsip-debugger'
config.status: linking ocamltest/ocamltest_unix_real.ml to ocamltest/ocamltest_unix.ml
  OCAMLOPT ocamltest/ocamltest_unix.cmx
  OCAMLOPT ocamldoc/odoc_global.cmx
  OCAMLOPT ocamldoc/odoc_misc.cmx
  OCAMLOPT ocamldoc/odoc_parameter.cmx
  OCAMLOPT ocamldoc/odoc_parser.cmx
  OCAMLC testsuite/tools/lexcmm.cmo
  OCAMLC testsuite/tools/codegen_main.cmo
  OCAMLOPT ocamltest/ocamltest_stdlib.cmx
  OCAMLOPT ocamldoc/odoc_lexer.cmx
  OCAMLOPT ocamldoc/odoc_see_lexer.cmx
  OCAMLOPT lex/cset.cmx
  OCAMLOPT lex/table.cmx
  OCAMLOPT ocamldoc/odoc_text_parser.cmx
  OCAMLOPT ocamldoc/odoc_name.cmx
make[3]: Nothing to be done for 'tools-all'.
make[3]: Leaving directory '/home/ubuntu/jsip-debugger'
make -C otherlibs all
make[3]: Entering directory '/home/ubuntu/jsip-debugger/otherlibs'
for lib in runtime_events unix str systhreads; do (make -C $lib all) || exit $?; done
make[4]: Entering directory '/home/ubuntu/jsip-debugger/otherlibs/runtime_events'
make[4]: Nothing to be done for 'all'.
make[4]: Leaving directory '/home/ubuntu/jsip-debugger/otherlibs/runtime_events'
make[4]: Entering directory '/home/ubuntu/jsip-debugger/otherlibs/unix'
make[4]: Nothing to be done for 'all'.
make[4]: Leaving directory '/home/ubuntu/jsip-debugger/otherlibs/unix'
make[4]: Entering directory '/home/ubuntu/jsip-debugger/otherlibs/str'
make[4]: Nothing to be done for 'all'.
make[4]: Leaving directory '/home/ubuntu/jsip-debugger/otherlibs/str'
make[4]: Entering directory '/home/ubuntu/jsip-debugger/otherlibs/systhreads'
make[4]: Nothing to be done for 'all'.
make[4]: Leaving directory '/home/ubuntu/jsip-debugger/otherlibs/systhreads'
make[3]: Leaving directory '/home/ubuntu/jsip-debugger/otherlibs'
  OCAMLOPT ocamltest/run_command.cmx
  OCAMLOPT ocamltest/environments.cmx
  OCAMLOPT ocamltest/ocaml_variables.cmx
  OCAMLOPT ocamltest/ocaml_directories.cmx
  OCAMLOPT lex/syntax.cmx
  OCAMLOPT ocamltest/filecompare.cmx
  OCAMLOPT ocamltest/ocaml_files.cmx
  OCAMLOPT ocamltest/debugger_flags.cmx
  OCAMLOPT ocamldoc/odoc_text_lexer.cmx
  OCAMLOPT ocamldoc/odoc_value.cmx
  OCAMLOPT ocamldoc/odoc_type.cmx
  OCAMLOPT ocamldoc/odoc_env.cmx
  OCAMLOPT ocamldoc/odoc_extension.cmx
  OCAMLOPT ocamldoc/odoc_exception.cmx
  OCAMLOPT ocamltest/ocaml_commands.cmx
  OCAMLOPT ocamltest/actions.cmx
  OCAMLOPT ocamltest/modifier_parser.cmx
  OCAMLOPT ocamltest/ocaml_modifiers.cmx
  OCAMLOPT ocamltest/ocaml_flags.cmx
  OCAMLOPT ocamldoc/odoc_class.cmx
  LINKC testsuite/tools/codegen
  OCAMLOPT ocamltest/tests.cmx
  OCAMLOPT ocamltest/actions_helpers.cmx
  OCAMLOPT lex/parser.cmx
  OCAMLOPT lex/lexgen.cmx
  OCAMLOPT ocamldoc/odoc_text.cmx
  OCAMLOPT ocamldoc/odoc_module.cmx
  OCAMLOPT ocamldoc/odoc_str.cmx
  OCAMLOPT ocamltest/tsl_semantics.cmx
  OCAMLOPT ocamltest/options.cmx
  OCAMLOPT ocamltest/builtin_actions.cmx
  OCAMLOPT ocamltest/ocaml_tools.cmx
  OCAMLOPT ocamltest/debugger_actions.cmx
  OCAMLOPT ocamltest/tsl_query.cmx
  OCAMLOPT ocamldoc/odoc_merge.cmx
  OCAMLOPT ocamldoc/odoc_search.cmx
  OCAMLOPT ocamldoc/odoc_scan.cmx
  OCAMLOPT ocamldoc/odoc_dep.cmx
  OCAMLOPT ocamltest/ocaml_compilers.cmx
  LINKC tools/ocamltex
  OCAMLOPT ocamltest/ocaml_toplevels.cmx
  OCAMLOPT ocamltest/ocaml_actions.cmx
  OCAMLOPT lex/lexer.cmx
  OCAMLOPT toplevel/topcommon.cmx
  OCAMLOPT toplevel/topprinters.cmx
  OCAMLOPT ocamldoc/odoc_sig.cmx
  OCAMLOPT ocamldoc/odoc_cross.cmx
  OCAMLOPT ocamltest/ocaml_tests.cmx
  OCAMLOPT ocamltest/main.cmx
  LINKOPT ocamltest/ocamltest.opt
  OCAMLOPT ocamldoc/odoc_comments.cmx
  OCAMLOPT ocamldoc/odoc_ast.cmx
  OCAMLOPT toplevel/native/tophooks.cmx
  OCAMLOPT lex/compact.cmx
  OCAMLOPT lex/common.cmx
  OCAMLOPT lex/exhaustiveness.cmx
  OCAMLOPT toplevel/native/topeval.cmx
  OCAMLOPT lex/output.cmx
  OCAMLOPT lex/outputbis.cmx
  OCAMLOPT ocamldoc/odoc_analyse.cmx
  OCAMLOPT ocamldoc/odoc_info.cmx
  LINKOPT ocamldoc/odoc_info.cmxa
  OCAMLOPT ocamldoc/odoc_dag2html.cmx
  OCAMLOPT ocamldoc/odoc_to_text.cmx
  OCAMLOPT ocamldoc/odoc_man.cmx
  OCAMLOPT ocamldoc/odoc_dot.cmx
  OCAMLOPT toplevel/toploop.cmx
  OCAMLOPT lex/main.cmx
  OCAMLOPT ocamldoc/odoc_latex.cmx
  OCAMLOPT ocamldoc/odoc_texi.cmx
  LINKOPT lex/ocamllex.opt
  OCAMLOPT ocamldoc/odoc_html.cmx
  OCAMLOPT toplevel/topdirs.cmx
  OCAMLOPT toplevel/native/topmain.cmx
  OCAMLOPT toplevel/topstart.cmx
make[3]: Leaving directory '/home/ubuntu/jsip-debugger'
make tools-allopt.opt
make[3]: Entering directory '/home/ubuntu/jsip-debugger'
  LINKOPT compilerlibs/ocamltoplevel.cmxa
  OCAMLOPT tools/ocamldep.cmx
  LINKOPT compilerlibs/ocamlmiddleend.cmxa
  OCAMLOPT tools/objinfo.cmx
  LINKOPT ocamlnat
  LINKOPT tools/ocamldep.opt
  OCAMLOPT ocamldoc/odoc_gen.cmx
  OCAMLOPT ocamldoc/odoc_args.cmx
  LINKOPT tools/ocamlobjinfo.opt
  OCAMLOPT ocamldoc/odoc.cmx
  LINKOPT ocamldoc/ocamldoc.opt
make[3]: Leaving directory '/home/ubuntu/jsip-debugger'
make[2]: Leaving directory '/home/ubuntu/jsip-debugger'
make manpages
make[2]: Entering directory '/home/ubuntu/jsip-debugger'
make -C api_docgen man
make[3]: Entering directory '/home/ubuntu/jsip-debugger/api_docgen'
make -C ocamldoc man
make[4]: Entering directory '/home/ubuntu/jsip-debugger/api_docgen/ocamldoc'
mkdir -p build/
mkdir -p build/libref
mkdir -p build/compilerlibref
mkdir -p build/man
  GEN build/Format_tutorial.mld
  GEN build/Ocaml_operators.mld
  OCAMLDOC build/libref/arg.odoc
  OCAMLDOC build/libref/array.odoc
  OCAMLDOC build/libref/arrayLabels.odoc
  OCAMLDOC build/libref/atomic.odoc
  OCAMLDOC build/libref/bigarray.odoc
  OCAMLDOC build/libref/bool.odoc
  OCAMLDOC build/libref/buffer.odoc
  OCAMLDOC build/libref/bytes.odoc
  OCAMLDOC build/libref/bytesLabels.odoc
  OCAMLDOC build/libref/callback.odoc
  OCAMLDOC build/libref/char.odoc
  OCAMLDOC build/libref/complex.odoc
  OCAMLDOC build/libref/condition.odoc
  OCAMLDOC build/libref/digest.odoc
  OCAMLDOC build/libref/domain.odoc
  OCAMLDOC build/libref/dynarray.odoc
  OCAMLDOC build/libref/dynlink.odoc
  OCAMLDOC build/libref/effect.odoc
  OCAMLDOC build/libref/either.odoc
  OCAMLDOC build/libref/ephemeron.odoc
  OCAMLDOC build/libref/event.odoc
  OCAMLDOC build/libref/filename.odoc
  OCAMLDOC build/libref/float.odoc
  OCAMLDOC build/libref/format.odoc
  OCAMLDOC build/libref/fun.odoc
  OCAMLDOC build/libref/gc.odoc
  OCAMLDOC build/libref/hashtbl.odoc
  OCAMLDOC build/libref/iarray.odoc
  OCAMLDOC build/libref/in_channel.odoc
  OCAMLDOC build/libref/int.odoc
  OCAMLDOC build/libref/int32.odoc
  OCAMLDOC build/libref/int64.odoc
  OCAMLDOC build/libref/lazy.odoc
  OCAMLDOC build/libref/lexing.odoc
  OCAMLDOC build/libref/list.odoc
  OCAMLDOC build/libref/listLabels.odoc
  OCAMLDOC build/libref/map.odoc
  OCAMLDOC build/libref/marshal.odoc
  OCAMLDOC build/libref/moreLabels.odoc
  OCAMLDOC build/libref/mutex.odoc
  OCAMLDOC build/libref/nativeint.odoc
  OCAMLDOC build/libref/obj.odoc
  OCAMLDOC build/libref/oo.odoc
  OCAMLDOC build/libref/option.odoc
  OCAMLDOC build/libref/out_channel.odoc
  OCAMLDOC build/libref/pair.odoc
  OCAMLDOC build/libref/parsing.odoc
  OCAMLDOC build/libref/pqueue.odoc
  OCAMLDOC build/libref/printexc.odoc
  OCAMLDOC build/libref/printf.odoc
  OCAMLDOC build/libref/queue.odoc
  OCAMLDOC build/libref/random.odoc
  OCAMLDOC build/libref/repr.odoc
  OCAMLDOC build/libref/result.odoc
  OCAMLDOC build/libref/runtime_events.odoc
  OCAMLDOC build/libref/scanf.odoc
  OCAMLDOC build/libref/semaphore.odoc
  OCAMLDOC build/libref/seq.odoc
  OCAMLDOC build/libref/set.odoc
  OCAMLDOC build/libref/stack.odoc
  OCAMLDOC build/libref/stdLabels.odoc
  OCAMLDOC build/libref/stdlib.odoc
  OCAMLDOC build/libref/str.odoc
  OCAMLDOC build/libref/string.odoc
  OCAMLDOC build/libref/stringLabels.odoc
  OCAMLDOC build/libref/sys.odoc
  OCAMLDOC build/libref/thread.odoc
  OCAMLDOC build/libref/type.odoc
  OCAMLDOC build/libref/uchar.odoc
  OCAMLDOC build/libref/unit.odoc
  OCAMLDOC build/libref/unix.odoc
  OCAMLDOC build/libref/unixLabels.odoc
  OCAMLDOC build/libref/weak.odoc
  OCAMLDOC build/libref/camlinternalFormat.odoc
  OCAMLDOC build/libref/camlinternalFormatBasics.odoc
  OCAMLDOC build/libref/camlinternalLazy.odoc
  OCAMLDOC build/libref/camlinternalMod.odoc
  OCAMLDOC build/libref/camlinternalOO.odoc
  GEN build/Compiler_libs.mld
  OCAMLDOC build/compilerlibref/ast_helper.odoc
  OCAMLDOC build/compilerlibref/ast_invariants.odoc
  OCAMLDOC build/compilerlibref/ast_iterator.odoc
  OCAMLDOC build/compilerlibref/ast_mapper.odoc
  OCAMLDOC build/compilerlibref/asttypes.odoc
  OCAMLDOC build/compilerlibref/attr_helper.odoc
  OCAMLDOC build/compilerlibref/builtin_attributes.odoc
  OCAMLDOC build/compilerlibref/camlinternalMenhirLib.odoc
  OCAMLDOC build/compilerlibref/depend.odoc
  OCAMLDOC build/compilerlibref/docstrings.odoc
  OCAMLDOC build/compilerlibref/lexer.odoc
  OCAMLDOC build/compilerlibref/location.odoc
  OCAMLDOC build/compilerlibref/longident.odoc
  OCAMLDOC build/compilerlibref/parse.odoc
  OCAMLDOC build/compilerlibref/parser.odoc
  OCAMLDOC build/compilerlibref/parsetree.odoc
  OCAMLDOC build/compilerlibref/pprintast.odoc
  OCAMLDOC build/compilerlibref/printast.odoc
  OCAMLDOC build/compilerlibref/syntaxerr.odoc
  OCAMLDOC build/compilerlibref/unit_info.odoc
  OCAMLDOC build/compilerlibref/arg_helper.odoc
  OCAMLDOC build/compilerlibref/binutils.odoc
  OCAMLDOC build/compilerlibref/build_path_prefix_map.odoc
  OCAMLDOC build/compilerlibref/ccomp.odoc
  OCAMLDOC build/compilerlibref/clflags.odoc
  OCAMLDOC build/compilerlibref/compression.odoc
  OCAMLDOC build/compilerlibref/config.odoc
  OCAMLDOC build/compilerlibref/config_boot.odoc
  OCAMLDOC build/compilerlibref/config_main.odoc
  OCAMLDOC build/compilerlibref/consistbl.odoc
  OCAMLDOC build/compilerlibref/diffing.odoc
  OCAMLDOC build/compilerlibref/diffing_with_keys.odoc
  OCAMLDOC build/compilerlibref/domainstate.odoc
  OCAMLDOC build/compilerlibref/format_doc.odoc
  OCAMLDOC build/compilerlibref/identifiable.odoc
  OCAMLDOC build/compilerlibref/int_replace_polymorphic_compare.odoc
  OCAMLDOC build/compilerlibref/lazy_backtrack.odoc
  OCAMLDOC build/compilerlibref/linkdeps.odoc
  OCAMLDOC build/compilerlibref/load_path.odoc
  OCAMLDOC build/compilerlibref/local_store.odoc
  OCAMLDOC build/compilerlibref/misc.odoc
  OCAMLDOC build/compilerlibref/numbers.odoc
  OCAMLDOC build/compilerlibref/profile.odoc
  OCAMLDOC build/compilerlibref/stable_matching.odoc
  OCAMLDOC build/compilerlibref/strongly_connected_components.odoc
  OCAMLDOC build/compilerlibref/targetint.odoc
  OCAMLDOC build/compilerlibref/terminfo.odoc
  OCAMLDOC build/compilerlibref/warnings.odoc
  OCAMLDOC build/compilerlibref/pparse.odoc
  OCAMLDOC build/libref/Format_tutorial.odoc
  OCAMLDOC build/libref/Ocaml_operators.odoc
  OCAMLDOC build/compilerlibref/Compiler_libs.odoc
  OCAMLDOC build/man/Stdlib.3o
make[4]: Leaving directory '/home/ubuntu/jsip-debugger/api_docgen/ocamldoc'
make[3]: Leaving directory '/home/ubuntu/jsip-debugger/api_docgen'
make[2]: Leaving directory '/home/ubuntu/jsip-debugger'
make[1]: Leaving directory '/home/ubuntu/jsip-debugger'
